=== CARLA relay 模块加载 === pid=27368
=== CARLA relay 模块加载 === pid=30272
[17:19:44] 实验10 (闭环自动驾驶) 启动
[17:19:44] 正在确定起终点并配置仿真环境…
[17:19:44] 本次参数: gnssσ=0.20 insσ=0.05 alpha=0.080 target=8.0m/s lookahead=8.0m kp=1.40
[17:19:44] 感知闭环: 关（世界真值）
[17:19:44] 起终点: (-89.1, -64.3) → (-103.3, 116.7), 直线 181.6 m
[17:19:44] 正在生成主车…
[17:19:44] 正在挂载传感器（相机 ×4 / LiDAR / GNSS / IMU）…
[17:19:44] 车辆+传感器就绪: vid=324 cam=325 inst=326 lidar=329 gnss=330 imu=331 collision=332
[17:19:44] 正在清理上次实验残留…
[17:19:44] 已清理世界中 3 个遗留车辆/行人
[17:19:44] 正在规划全局路线（构建路网拓扑，可能需要数秒）…
[17:19:44] 路线规划完成: 93 waypoints
[17:19:44] 障碍物生成失败（重试 5 次仍碰撞）: (-113.8, 7.9)
[17:19:44] 障碍物原位生成受阻，已沿路线偏移 +1.5m 生成
[17:19:44] 已自动生成 2/3 个路线障碍物
[17:19:44] 稳定预热中…
[17:19:46] [t=0.7s] spd=0.00 des=8.0 thr=1.00 brk=0.00 out_steer=-0.07 raw_steer=-0.07 alpha=-0.126 look=9.0 cte=1.13 err=0.11 yaw(gt)=152.9 yaw(F)=153.1 gyaw=152.9 gyro=1.2°/s yaw_a=0.080 fused=(-89.1,-64.5) p=0 r=-0 obs=39.87533308217007(vehicle.diamondback.century) tl=green/999m wp=0/93 avd=- loc=(-89.1,-64.3)
[17:19:47] [t=1.3s] spd=2.36 des=8.0 thr=0.93 brk=0.00 out_steer=-0.08 raw_steer=-0.08 alpha=-0.130 look=8.6 cte=1.11 err=0.26 yaw(gt)=151.8 yaw(F)=152.2 gyaw=151.9 gyro=-3.1°/s yaw_a=0.080 fused=(-89.6,-64.3) p=1 r=0 obs=39.88721787824966(vehicle.diamondback.century) tl=green/999m wp=0/93 avd=- loc=(-89.5,-64.1)
[17:19:47] [t=1.9s] spd=3.88 des=8.0 thr=0.74 brk=0.00 out_steer=-0.06 raw_steer=-0.06 alpha=-0.099 look=9.1 cte=0.91 err=0.12 yaw(gt)=148.8 yaw(F)=148.9 gyaw=149.7 gyro=-7.0°/s yaw_a=0.080 fused=(-91.0,-63.3) p=0 r=0 obs=39.354077794446766(vehicle.diamondback.century) tl=green/999m wp=1/93 avd=- loc=(-90.9,-63.2)
[17:19:48] [t=2.4s] spd=4.79 des=8.0 thr=0.64 brk=0.00 out_steer=-0.05 raw_steer=-0.05 alpha=-0.087 look=9.4 cte=0.81 err=0.19 yaw(gt)=145.9 yaw(F)=146.3 gyaw=146.5 gyro=-5.5°/s yaw_a=0.080 fused=(-92.6,-62.1) p=0 r=0 obs=38.41045192449383(vehicle.diamondback.century) tl=green/999m wp=2/93 avd=- loc=(-92.7,-62.0)
[17:19:49] [t=3.0s] spd=5.00 des=8.0 thr=0.61 brk=0.00 out_steer=-0.04 raw_steer=-0.04 alpha=-0.064 look=9.2 cte=0.59 err=0.23 yaw(gt)=143.0 yaw(F)=143.1 gyaw=143.6 gyro=-7.4°/s yaw_a=0.080 fused=(-94.5,-60.5) p=0 r=0 obs=36.828403568079466(vehicle.diamondback.century) tl=green/999m wp=3/93 avd=- loc=(-94.7,-60.5)
[17:19:49] [t=3.6s] spd=5.00 des=8.0 thr=0.61 brk=0.00 out_steer=-0.03 raw_steer=-0.03 alpha=-0.045 look=8.8 cte=0.40 err=0.42 yaw(gt)=140.6 yaw(F)=140.4 gyaw=139.9 gyro=-4.2°/s yaw_a=0.080 fused=(-96.3,-58.7) p=0 r=0 obs=34.97626489226059(vehicle.diamondback.century) tl=green/999m wp=4/93 avd=- loc=(-96.7,-58.9)
[17:19:50] [t=4.1s] spd=5.16 des=8.0 thr=0.59 brk=0.00 out_steer=-0.04 raw_steer=-0.04 alpha=-0.069 look=8.3 cte=0.57 err=0.31 yaw(gt)=138.0 yaw(F)=137.8 gyaw=137.4 gyro=-5.7°/s yaw_a=0.080 fused=(-98.4,-57.0) p=0 r=0 obs=32.92969278301007(vehicle.diamondback.century) tl=green/999m wp=5/93 avd=- loc=(-98.6,-57.2)
[17:19:50] [t=4.6s] spd=5.18 des=8.0 thr=0.59 brk=0.00 out_steer=-0.06 raw_steer=-0.06 alpha=-0.105 look=10.2 cte=1.07 err=0.24 yaw(gt)=134.6 yaw(F)=134.3 gyaw=132.6 gyro=-4.6°/s yaw_a=0.080 fused=(-100.3,-55.2) p=0 r=0 obs=31.1930249450578(vehicle.diamondback.century) tl=green/999m wp=6/93 avd=- loc=(-100.4,-55.4)
[17:19:51] [t=5.2s] spd=5.03 des=8.0 thr=0.61 brk=0.00 out_steer=-0.06 raw_steer=-0.06 alpha=-0.097 look=9.8 cte=0.95 err=0.34 yaw(gt)=131.1 yaw(F)=131.4 gyaw=131.0 gyro=-6.7°/s yaw_a=0.080 fused=(-101.9,-53.2) p=0 r=0 obs=29.281525825416338(vehicle.diamondback.century) tl=green/999m wp=8/93 avd=- loc=(-102.1,-53.5)
[17:19:51] [t=5.7s] spd=4.99 des=8.0 thr=0.00 brk=0.20 out_steer=-0.05 raw_steer=-0.05 alpha=-0.089 look=9.4 cte=0.83 err=0.36 yaw(gt)=127.8 yaw(F)=128.1 gyaw=127.3 gyro=-5.0°/s yaw_a=0.080 fused=(-103.5,-51.2) p=0 r=0 obs=27.23742701344213(vehicle.diamondback.century) tl=green/999m wp=9/93 avd=- loc=(-103.7,-51.5)
[17:19:52] [t=6.2s] spd=4.66 des=8.0 thr=0.00 brk=0.20 out_steer=-0.05 raw_steer=-0.05 alpha=-0.078 look=9.5 cte=0.74 err=0.35 yaw(gt)=124.9 yaw(F)=125.0 gyaw=125.3 gyro=-7.1°/s yaw_a=0.080 fused=(-104.7,-49.4) p=0 r=0 obs=25.471113831880075(vehicle.diamondback.century) tl=green/999m wp=10/93 avd=- loc=(-105.0,-49.6)
[17:19:52] [t=6.8s] spd=4.26 des=8.0 thr=0.70 brk=0.00 out_steer=-0.06 raw_steer=-0.06 alpha=-0.098 look=9.5 cte=0.93 err=0.16 yaw(gt)=122.3 yaw(F)=122.3 gyaw=121.5 gyro=-7.8°/s yaw_a=0.080 fused=(-106.1,-47.7) p=0 r=0 obs=23.571623546105457(vehicle.diamondback.century) tl=green/999m wp=11/93 avd=- loc=(-106.2,-47.8)
[17:19:53] [t=7.3s] spd=4.00 des=8.0 thr=0.00 brk=0.21 out_steer=-0.06 raw_steer=-0.06 alpha=-0.096 look=9.6 cte=0.92 err=0.20 yaw(gt)=119.9 yaw(F)=119.8 gyaw=119.8 gyro=-4.4°/s yaw_a=0.080 fused=(-107.1,-45.8) p=0 r=0 obs=21.70922720134388(vehicle.diamondback.century) tl=green/999m wp=12/93 avd=- loc=(-107.2,-46.0)
[17:19:53] [t=7.8s] spd=3.56 des=8.0 thr=0.78 brk=0.00 out_steer=-0.06 raw_steer=-0.06 alpha=-0.096 look=10.0 cte=0.96 err=0.18 yaw(gt)=117.6 yaw(F)=117.5 gyaw=118.0 gyro=-2.6°/s yaw_a=0.080 fused=(-107.9,-44.2) p=0 r=0 obs=20.107716550900022(vehicle.diamondback.century) tl=green/999m wp=12/93 avd=- loc=(-108.0,-44.4)
[17:19:53] 前方 20m 本车道内有障碍，换道绕行右（偏移 3.5m）
[17:19:54] [t=8.3s] spd=4.55 des=8.0 thr=0.66 brk=0.00 out_steer=-0.19 raw_steer=-0.19 alpha=-0.334 look=8.4 cte=2.74 err=0.17 yaw(gt)=108.0 yaw(F)=108.0 gyaw=107.8 gyro=-24.2°/s yaw_a=0.080 fused=(-108.5,-42.4) p=0 r=0 obs=18.613349130202323(vehicle.diamondback.century) tl=green/999m wp=13/93 avd=R(6, 2) loc=(-108.6,-42.5)
[17:19:54] [t=8.8s] spd=5.06 des=8.0 thr=0.60 brk=0.00 out_steer=-0.08 raw_steer=-0.08 alpha=-0.130 look=10.1 cte=1.31 err=0.12 yaw(gt)=99.8 yaw(F)=99.1 gyaw=100.2 gyro=-15.0°/s yaw_a=0.080 fused=(-108.9,-40.1) p=0 r=0 obs=16.18298559271875(vehicle.diamondback.century) tl=green/999m wp=14/93 avd=R(6, 2) loc=(-109.1,-40.1)
[17:19:55] [t=9.4s] spd=5.09 des=8.0 thr=0.60 brk=0.00 out_steer=-0.04 raw_steer=-0.04 alpha=-0.072 look=7.8 cte=0.56 err=0.29 yaw(gt)=95.6 yaw(F)=95.1 gyaw=95.3 gyro=-6.7°/s yaw_a=0.080 fused=(-109.1,-37.8) p=0 r=0 obs=13.711112376444476(vehicle.diamondback.century) tl=green/999m wp=15/93 avd=R(6, 2) loc=(-109.3,-37.6)
[17:19:55] [t=9.9s] spd=5.08 des=8.0 thr=0.60 brk=0.00 out_steer=-0.01 raw_steer=-0.01 alpha=-0.015 look=9.0 cte=0.14 err=0.15 yaw(gt)=93.5 yaw(F)=93.3 gyaw=91.3 gyro=-0.9°/s yaw_a=0.080 fused=(-109.4,-34.9) p=0 r=0 obs=10.709503078013256(vehicle.diamondback.century) tl=green/999m wp=17/93 avd=R(6, 2) loc=(-109.5,-35.0)
[17:19:56] [t=10.4s] spd=5.15 des=8.0 thr=0.59 brk=0.00 out_steer=0.00 raw_steer=0.00 alpha=+0.004 look=8.3 cte=-0.03 err=0.44 yaw(gt)=93.2 yaw(F)=93.1 gyaw=92.9 gyro=-0.2°/s yaw_a=0.080 fused=(-109.5,-32.1) p=0 r=-0 obs=7.863992069557725(vehicle.diamondback.century) tl=green/999m wp=18/93 avd=R(6, 2) loc=(-109.6,-32.5)
[17:19:56] [t=10.9s] spd=5.05 des=8.0 thr=0.60 brk=0.00 out_steer=-0.03 raw_steer=-0.03 alpha=-0.044 look=7.9 cte=0.35 err=0.38 yaw(gt)=92.2 yaw(F)=92.3 gyaw=92.8 gyro=-3.7°/s yaw_a=0.080 fused=(-110.0,-29.6) p=0 r=0 obs=5.354204531953627(vehicle.diamondback.century) tl=green/999m wp=19/93 avd=R(6, 2) loc=(-109.7,-29.9)
[17:19:57] [t=11.5s] spd=5.05 des=8.0 thr=0.60 brk=0.00 out_steer=0.00 raw_steer=0.00 alpha=+0.008 look=7.7 cte=-0.06 err=0.06 yaw(gt)=91.3 yaw(F)=91.2 gyaw=90.9 gyro=0.8°/s yaw_a=0.080 fused=(-109.8,-27.4) p=0 r=-0 obs=3.0901607269366878(vehicle.diamondback.century) tl=green/999m wp=20/93 avd=R(6, 2) loc=(-109.8,-27.4)
[17:19:57] [t=12.0s] spd=5.11 des=8.0 thr=0.60 brk=0.00 out_steer=-0.00 raw_steer=-0.00 alpha=-0.008 look=9.1 cte=0.08 err=0.08 yaw(gt)=91.3 yaw(F)=91.4 gyaw=91.1 gyro=3.0°/s yaw_a=0.080 fused=(-109.9,-24.9) p=0 r=0 obs=0.5212682493382772(vehicle.diamondback.century) tl=green/999m wp=21/93 avd=R(6, 2) loc=(-109.9,-24.8)
[17:19:58] 绕行完成，回正车道
[17:19:58] [t=12.5s] spd=5.08 des=8.0 thr=0.60 brk=0.00 out_steer=0.18 raw_steer=0.18 alpha=+0.324 look=9.1 cte=-2.90 err=0.19 yaw(gt)=93.8 yaw(F)=93.6 gyaw=93.2 gyro=22.9°/s yaw_a=0.080 fused=(-110.2,-22.2) p=0 r=-1 obs=inf(none) tl=green/999m wp=23/93 avd=- loc=(-110.0,-22.2)
[17:19:59] [t=13.0s] spd=5.12 des=8.0 thr=0.60 brk=0.00 out_steer=0.07 raw_steer=0.07 alpha=+0.129 look=8.4 cte=-1.08 err=0.21 yaw(gt)=102.9 yaw(F)=102.9 gyaw=103.7 gyro=13.4°/s yaw_a=0.080 fused=(-110.7,-19.7) p=0 r=-0 obs=48.659513898811724(vehicle.nissan.micra) tl=red/26m wp=24/93 avd=- loc=(-110.5,-19.7)
[17:19:59] [t=13.5s] spd=5.14 des=8.0 thr=0.59 brk=0.00 out_steer=-0.01 raw_steer=-0.01 alpha=-0.018 look=9.6 cte=0.17 err=0.18 yaw(gt)=105.6 yaw(F)=105.4 gyaw=105.9 gyro=-0.1°/s yaw_a=0.080 fused=(-111.3,-17.1) p=0 r=0 obs=45.60702780809652(vehicle.nissan.micra) tl=red/24m wp=25/93 avd=- loc=(-111.2,-17.2)
[17:20:00] [t=14.0s] spd=5.14 des=8.0 thr=0.59 brk=0.00 out_steer=-0.03 raw_steer=-0.03 alpha=-0.059 look=9.0 cte=0.53 err=0.19 yaw(gt)=105.0 yaw(F)=104.9 gyaw=105.0 gyro=-1.8°/s yaw_a=0.080 fused=(-111.9,-14.6) p=0 r=0 obs=43.11690729879729(vehicle.nissan.micra) tl=green/21m wp=27/93 avd=- loc=(-111.8,-14.7)
[17:20:00] [t=14.5s] spd=5.13 des=8.0 thr=0.59 brk=0.00 out_steer=-0.05 raw_steer=-0.05 alpha=-0.093 look=9.7 cte=0.90 err=0.30 yaw(gt)=101.8 yaw(F)=102.2 gyaw=102.3 gyro=-5.5°/s yaw_a=0.080 fused=(-112.6,-12.0) p=0 r=0 obs=40.883204632468164(vehicle.nissan.micra) tl=green/18m wp=28/93 avd=- loc=(-112.4,-12.2)
[17:20:01] [t=15.0s] spd=5.13 des=8.0 thr=0.59 brk=0.00 out_steer=-0.04 raw_steer=-0.04 alpha=-0.066 look=9.3 cte=0.61 err=0.14 yaw(gt)=98.9 yaw(F)=99.1 gyaw=99.1 gyro=-3.6°/s yaw_a=0.080 fused=(-112.9,-9.5) p=0 r=0 obs=38.7475873417377(vehicle.nissan.micra) tl=green/15m wp=29/93 avd=- loc=(-112.8,-9.7)
[17:20:01] [t=15.5s] spd=5.13 des=8.0 thr=0.59 brk=0.00 out_steer=-0.03 raw_steer=-0.03 alpha=-0.049 look=8.6 cte=0.43 err=0.19 yaw(gt)=97.0 yaw(F)=97.5 gyaw=98.1 gyro=-0.5°/s yaw_a=0.080 fused=(-113.1,-6.9) p=0 r=0 obs=36.27803365337593(vehicle.nissan.micra) tl=green/13m wp=30/93 avd=- loc=(-113.1,-7.1)
[17:20:02] [t=16.0s] spd=5.13 des=8.0 thr=0.59 brk=0.00 out_steer=-0.02 raw_steer=-0.02 alpha=-0.030 look=8.1 cte=0.25 err=0.18 yaw(gt)=95.2 yaw(F)=95.4 gyaw=95.5 gyro=-0.2°/s yaw_a=0.080 fused=(-113.3,-4.4) p=0 r=0 obs=33.81371277944879(vehicle.nissan.micra) tl=red/24m wp=31/93 avd=- loc=(-113.4,-4.5)
[17:20:02] [t=16.6s] spd=5.13 des=8.0 thr=0.59 brk=0.00 out_steer=-0.03 raw_steer=-0.03 alpha=-0.051 look=9.7 cte=0.49 err=0.09 yaw(gt)=93.8 yaw(F)=94.0 gyaw=94.1 gyro=-5.2°/s yaw_a=0.080 fused=(-113.6,-2.0) p=0 r=0 obs=31.43154579250654(vehicle.nissan.micra) tl=red/21m wp=32/93 avd=- loc=(-113.6,-2.0)
[17:20:03] [t=17.1s] spd=4.98 des=8.0 thr=0.61 brk=0.00 out_steer=-0.01 raw_steer=-0.01 alpha=-0.016 look=9.3 cte=0.15 err=0.25 yaw(gt)=92.8 yaw(F)=92.8 gyaw=93.4 gyro=-0.1°/s yaw_a=0.080 fused=(-113.6,0.4) p=0 r=0 obs=29.070041012903147(vehicle.nissan.micra) tl=red/19m wp=34/93 avd=- loc=(-113.7,0.6)
[17:20:03] [t=17.6s] spd=4.42 des=8.0 thr=0.68 brk=0.00 out_steer=-0.02 raw_steer=-0.02 alpha=-0.027 look=8.9 cte=0.24 err=0.23 yaw(gt)=91.6 yaw(F)=92.1 gyaw=92.6 gyro=-2.6°/s yaw_a=0.080 fused=(-113.8,2.8) p=-0 r=0 obs=26.723793041615295(vehicle.nissan.micra) tl=red/16m wp=36/93 avd=- loc=(-113.8,3.0)
[17:20:04] [t=18.1s] spd=4.15 des=8.0 thr=0.71 brk=0.00 out_steer=-0.01 raw_steer=-0.01 alpha=-0.010 look=8.3 cte=0.08 err=0.19 yaw(gt)=90.9 yaw(F)=91.0 gyaw=91.7 gyro=-0.7°/s yaw_a=0.080 fused=(-113.8,5.4) p=-0 r=0 obs=24.075865694519074(vehicle.nissan.micra) tl=green/999m wp=37/93 avd=- loc=(-113.8,5.2)
[17:20:04] [t=18.6s] spd=3.84 des=8.0 thr=0.75 brk=0.00 out_steer=0.01 raw_steer=0.01 alpha=+0.013 look=8.3 cte=-0.11 err=0.16 yaw(gt)=90.9 yaw(F)=90.8 gyaw=91.7 gyro=0.5°/s yaw_a=0.080 fused=(-113.7,7.4) p=-0 r=-0 obs=22.102514955323826(vehicle.nissan.micra) tl=green/999m wp=38/93 avd=- loc=(-113.8,7.3)
[17:20:05] [t=19.1s] spd=3.38 des=8.0 thr=0.80 brk=0.00 out_steer=-0.00 raw_steer=-0.00 alpha=-0.005 look=8.6 cte=0.05 err=0.08 yaw(gt)=91.0 yaw(F)=91.0 gyaw=91.2 gyro=-0.5°/s yaw_a=0.080 fused=(-113.8,9.1) p=-0 r=-0 obs=20.390836819571177(vehicle.nissan.micra) tl=green/999m wp=39/93 avd=- loc=(-113.9,9.2)
[17:20:05] 前方 20m 本车道内有障碍，换道绕行右（偏移 3.5m）
[17:20:05] [t=19.6s] spd=4.17 des=8.0 thr=0.71 brk=0.00 out_steer=-0.17 raw_steer=-0.17 alpha=-0.296 look=9.5 cte=2.78 err=0.24 yaw(gt)=85.6 yaw(F)=85.9 gyaw=85.2 gyro=-17.4°/s yaw_a=0.080 fused=(-113.9,10.8) p=0 r=0 obs=18.601936318054868(vehicle.nissan.micra) tl=green/999m wp=40/93 avd=R(735, 2) loc=(-113.7,11.0)
[17:20:06] [t=20.1s] spd=4.93 des=8.0 thr=0.62 brk=0.00 out_steer=-0.07 raw_steer=-0.07 alpha=-0.126 look=9.1 cte=1.15 err=0.22 yaw(gt)=78.6 yaw(F)=78.8 gyaw=78.1 gyro=-9.1°/s yaw_a=0.080 fused=(-113.4,13.1) p=0 r=0 obs=15.974791153217552(vehicle.nissan.micra) tl=green/999m wp=41/93 avd=R(735, 2) loc=(-113.3,13.2)
[17:20:06] [t=20.6s] spd=5.07 des=8.0 thr=0.60 brk=0.00 out_steer=-0.01 raw_steer=-0.01 alpha=-0.019 look=8.4 cte=0.16 err=0.15 yaw(gt)=75.7 yaw(F)=75.5 gyaw=73.5 gyro=-1.0°/s yaw_a=0.080 fused=(-112.8,15.6) p=0 r=0 obs=13.124519388360682(vehicle.nissan.micra) tl=green/999m wp=42/93 avd=R(735, 2) loc=(-112.6,15.7)
[17:20:07] [t=21.2s] spd=5.14 des=8.0 thr=0.59 brk=0.00 out_steer=0.04 raw_steer=0.04 alpha=+0.062 look=7.9 cte=-0.49 err=0.27 yaw(gt)=76.7 yaw(F)=76.5 gyaw=76.5 gyro=5.6°/s yaw_a=0.080 fused=(-111.9,17.9) p=0 r=-0 obs=10.734068962633728(vehicle.nissan.micra) tl=green/999m wp=43/93 avd=R(735, 2) loc=(-112.0,18.2)
[17:20:07] [t=21.8s] spd=5.04 des=8.0 thr=0.60 brk=0.00 out_steer=0.06 raw_steer=0.06 alpha=+0.103 look=9.2 cte=-0.94 err=0.34 yaw(gt)=80.0 yaw(F)=79.9 gyaw=79.8 gyro=5.8°/s yaw_a=0.080 fused=(-111.2,20.6) p=0 r=-0 obs=8.283725113768014(vehicle.nissan.micra) tl=green/999m wp=44/93 avd=R(735, 2) loc=(-111.6,20.7)
[17:20:08] [t=22.3s] spd=5.06 des=8.0 thr=0.60 brk=0.00 out_steer=0.02 raw_steer=0.02 alpha=+0.041 look=8.8 cte=-0.36 err=0.29 yaw(gt)=83.5 yaw(F)=83.5 gyaw=83.0 gyro=7.2°/s yaw_a=0.080 fused=(-111.2,23.0) p=0 r=-0 obs=6.168854125272333(vehicle.nissan.micra) tl=green/999m wp=46/93 avd=R(735, 2) loc=(-111.2,23.2)
[17:20:08] [t=22.9s] spd=5.03 des=8.0 thr=0.61 brk=0.00 out_steer=0.02 raw_steer=0.02 alpha=+0.032 look=8.0 cte=-0.26 err=0.06 yaw(gt)=85.2 yaw(F)=85.0 gyaw=84.8 gyro=2.9°/s yaw_a=0.080 fused=(-111.1,25.7) p=0 r=-0 obs=3.5020967531665974(vehicle.nissan.micra) tl=green/999m wp=47/93 avd=R(735, 2) loc=(-111.0,25.8)
[17:20:09] [t=23.3s] spd=5.09 des=8.0 thr=0.60 brk=0.00 out_steer=0.02 raw_steer=0.02 alpha=+0.027 look=7.4 cte=-0.20 err=0.13 yaw(gt)=87.5 yaw(F)=87.6 gyaw=88.3 gyro=5.9°/s yaw_a=0.080 fused=(-110.7,28.3) p=0 r=-0 obs=1.0309053359139284(vehicle.nissan.micra) tl=green/999m wp=48/93 avd=R(735, 2) loc=(-110.9,28.3)
[17:20:09] 绕行完成，回正车道
[17:20:09] [t=23.8s] spd=5.10 des=8.0 thr=0.60 brk=0.00 out_steer=0.21 raw_steer=0.21 alpha=+0.377 look=9.2 cte=-3.40 err=0.19 yaw(gt)=89.4 yaw(F)=89.5 gyaw=90.0 gyro=15.0°/s yaw_a=0.080 fused=(-110.9,31.1) p=0 r=-0 obs=inf(none) tl=green/999m wp=50/93 avd=- loc=(-110.8,30.9)
[17:20:10] [t=24.3s] spd=5.11 des=8.0 thr=0.60 brk=0.00 out_steer=0.10 raw_steer=0.10 alpha=+0.165 look=8.7 cte=-1.43 err=0.12 yaw(gt)=99.8 yaw(F)=100.0 gyaw=100.6 gyro=15.5°/s yaw_a=0.080 fused=(-111.3,33.5) p=0 r=-0 obs=inf(none) tl=green/999m wp=51/93 avd=- loc=(-111.2,33.4)
[17:20:10] [t=24.8s] spd=5.14 des=8.0 thr=0.59 brk=0.00 out_steer=0.02 raw_steer=0.02 alpha=+0.032 look=8.1 cte=-0.26 err=0.31 yaw(gt)=103.4 yaw(F)=103.4 gyaw=102.8 gyro=5.9°/s yaw_a=0.080 fused=(-112.1,36.0) p=0 r=-0 obs=inf(none) tl=green/999m wp=52/93 avd=- loc=(-111.8,35.9)
[17:20:11] [t=25.3s] spd=5.14 des=8.0 thr=0.59 brk=0.00 out_steer=-0.03 raw_steer=-0.03 alpha=-0.045 look=9.7 cte=0.43 err=0.21 yaw(gt)=103.3 yaw(F)=103.1 gyaw=102.4 gyro=-4.0°/s yaw_a=0.080 fused=(-112.5,38.3) p=0 r=0 obs=inf(none) tl=green/999m wp=53/93 avd=- loc=(-112.4,38.4)
[17:20:11] [t=25.8s] spd=5.13 des=8.0 thr=0.59 brk=0.00 out_steer=-0.04 raw_steer=-0.04 alpha=-0.073 look=9.1 cte=0.67 err=0.33 yaw(gt)=101.3 yaw(F)=101.2 gyaw=101.4 gyro=-2.8°/s yaw_a=0.080 fused=(-113.2,40.8) p=0 r=0 obs=inf(none) tl=green/999m wp=55/93 avd=- loc=(-112.9,41.0)
[17:20:12] [t=26.3s] spd=5.13 des=8.0 thr=0.59 brk=0.00 out_steer=-0.02 raw_steer=-0.02 alpha=-0.041 look=8.7 cte=0.35 err=0.31 yaw(gt)=99.1 yaw(F)=99.1 gyaw=99.3 gyro=-2.7°/s yaw_a=0.080 fused=(-113.3,43.2) p=0 r=0 obs=inf(none) tl=green/999m wp=56/93 avd=- loc=(-113.3,43.5)
[17:20:12] [t=26.8s] spd=5.13 des=8.0 thr=0.59 brk=0.00 out_steer=-0.02 raw_steer=-0.02 alpha=-0.037 look=8.2 cte=0.31 err=0.44 yaw(gt)=97.5 yaw(F)=97.7 gyaw=97.8 gyro=-1.7°/s yaw_a=0.080 fused=(-113.5,45.7) p=0 r=0 obs=inf(none) tl=green/999m wp=58/93 avd=- loc=(-113.7,46.1)
[17:20:13] [t=27.2s] spd=5.13 des=8.0 thr=0.59 brk=0.00 out_steer=-0.04 raw_steer=-0.04 alpha=-0.063 look=9.4 cte=0.59 err=0.21 yaw(gt)=95.7 yaw(F)=95.8 gyaw=96.0 gyro=-3.7°/s yaw_a=0.080 fused=(-114.0,48.5) p=0 r=0 obs=inf(none) tl=green/999m wp=59/93 avd=- loc=(-113.9,48.7)
[17:20:13] [t=27.7s] spd=5.13 des=8.0 thr=0.59 brk=0.00 out_steer=-0.02 raw_steer=-0.02 alpha=-0.035 look=8.9 cte=0.32 err=0.30 yaw(gt)=94.3 yaw(F)=94.2 gyaw=95.5 gyro=-1.3°/s yaw_a=0.080 fused=(-114.1,50.9) p=0 r=0 obs=inf(none) tl=green/999m wp=61/93 avd=- loc=(-114.1,51.2)
[17:20:14] [t=28.2s] spd=5.13 des=8.0 thr=0.59 brk=0.00 out_steer=-0.01 raw_steer=-0.01 alpha=-0.019 look=8.5 cte=0.16 err=0.49 yaw(gt)=92.7 yaw(F)=92.7 gyaw=93.0 gyro=-1.0°/s yaw_a=0.080 fused=(-114.2,53.3) p=0 r=0 obs=inf(none) tl=green/999m wp=62/93 avd=- loc=(-114.3,53.8)
[17:20:14] [t=28.7s] spd=5.13 des=8.0 thr=0.59 brk=0.00 out_steer=-0.01 raw_steer=-0.01 alpha=-0.013 look=9.9 cte=0.13 err=0.52 yaw(gt)=92.0 yaw(F)=92.2 gyaw=92.8 gyro=0.5°/s yaw_a=0.080 fused=(-114.2,55.9) p=0 r=0 obs=inf(none) tl=green/999m wp=63/93 avd=- loc=(-114.4,56.4)
[17:20:15] [t=29.2s] spd=5.13 des=8.0 thr=0.59 brk=0.00 out_steer=-0.02 raw_steer=-0.02 alpha=-0.041 look=8.7 cte=0.35 err=0.20 yaw(gt)=91.6 yaw(F)=91.9 gyaw=91.6 gyro=-3.4°/s yaw_a=0.080 fused=(-114.6,59.1) p=0 r=0 obs=inf(none) tl=green/999m wp=65/93 avd=- loc=(-114.4,59.0)
[17:20:15] [t=29.7s] spd=5.13 des=8.0 thr=0.59 brk=0.00 out_steer=-0.03 raw_steer=-0.03 alpha=-0.051 look=8.3 cte=0.42 err=0.38 yaw(gt)=90.3 yaw(F)=90.7 gyaw=91.0 gyro=-1.3°/s yaw_a=0.080 fused=(-114.8,61.5) p=0 r=0 obs=inf(none) tl=green/999m wp=66/93 avd=- loc=(-114.5,61.6)
[17:20:16] [t=30.2s] spd=5.13 des=8.0 thr=0.59 brk=0.00 out_steer=-0.00 raw_steer=-0.00 alpha=-0.002 look=9.5 cte=0.02 err=0.39 yaw(gt)=88.9 yaw(F)=88.9 gyaw=88.2 gyro=-3.0°/s yaw_a=0.080 fused=(-114.8,64.3) p=0 r=0 obs=inf(none) tl=green/999m wp=67/93 avd=- loc=(-114.4,64.1)
[17:20:16] [t=30.6s] spd=5.13 des=8.0 thr=0.59 brk=0.00 out_steer=0.00 raw_steer=0.00 alpha=+0.007 look=8.9 cte=-0.06 err=0.34 yaw(gt)=89.3 yaw(F)=89.2 gyaw=88.8 gyro=0.1°/s yaw_a=0.080 fused=(-114.7,66.9) p=0 r=-0 obs=inf(none) tl=green/999m wp=69/93 avd=- loc=(-114.4,66.7)
[17:20:17] [t=31.1s] spd=5.13 des=8.0 thr=0.59 brk=0.00 out_steer=0.01 raw_steer=0.01 alpha=+0.018 look=8.7 cte=-0.15 err=0.08 yaw(gt)=89.8 yaw(F)=90.0 gyaw=90.2 gyro=0.1°/s yaw_a=0.080 fused=(-114.4,69.3) p=0 r=-0 obs=inf(none) tl=green/999m wp=70/93 avd=- loc=(-114.4,69.3)
[17:20:17] [t=31.6s] spd=5.13 des=8.0 thr=0.59 brk=0.00 out_steer=-0.00 raw_steer=-0.00 alpha=-0.002 look=8.4 cte=0.02 err=0.24 yaw(gt)=90.1 yaw(F)=90.1 gyaw=89.4 gyro=-0.2°/s yaw_a=0.080 fused=(-114.5,71.7) p=0 r=0 obs=inf(none) tl=green/999m wp=71/93 avd=- loc=(-114.3,71.9)
[17:20:18] [t=32.1s] spd=5.13 des=8.0 thr=0.59 brk=0.00 out_steer=-0.01 raw_steer=-0.01 alpha=-0.015 look=10.0 cte=0.15 err=0.11 yaw(gt)=89.5 yaw(F)=90.0 gyaw=88.7 gyro=0.3°/s yaw_a=0.080 fused=(-114.3,74.4) p=0 r=0 obs=inf(none) tl=green/999m wp=72/93 avd=- loc=(-114.3,74.5)
[17:20:18] [t=32.6s] spd=5.13 des=8.0 thr=0.59 brk=0.00 out_steer=-0.02 raw_steer=-0.02 alpha=-0.032 look=9.8 cte=0.31 err=0.29 yaw(gt)=89.4 yaw(F)=89.4 gyaw=88.7 gyro=-2.3°/s yaw_a=0.080 fused=(-114.4,76.8) p=0 r=0 obs=inf(none) tl=green/999m wp=73/93 avd=- loc=(-114.3,77.1)
[17:20:19] [t=33.1s] spd=5.13 des=8.0 thr=0.59 brk=0.00 out_steer=-0.02 raw_steer=-0.02 alpha=-0.034 look=9.1 cte=0.31 err=0.11 yaw(gt)=88.2 yaw(F)=87.8 gyaw=88.0 gyro=-1.7°/s yaw_a=0.080 fused=(-114.3,79.6) p=0 r=0 obs=inf(none) tl=green/999m wp=75/93 avd=- loc=(-114.2,79.6)
[17:20:19] [t=33.6s] spd=5.13 des=8.0 thr=0.59 brk=0.00 out_steer=-0.02 raw_steer=-0.02 alpha=-0.043 look=8.7 cte=0.37 err=0.11 yaw(gt)=86.6 yaw(F)=86.6 gyaw=87.4 gyro=-1.1°/s yaw_a=0.080 fused=(-114.2,82.1) p=0 r=0 obs=inf(none) tl=green/999m wp=76/93 avd=- loc=(-114.1,82.2)
[17:20:20] [t=34.1s] spd=5.13 des=8.0 thr=0.59 brk=0.00 out_steer=-0.03 raw_steer=-0.03 alpha=-0.056 look=8.2 cte=0.46 err=0.17 yaw(gt)=85.1 yaw(F)=84.8 gyaw=85.2 gyro=-2.7°/s yaw_a=0.080 fused=(-114.0,84.8) p=0 r=0 obs=inf(none) tl=green/999m wp=77/93 avd=- loc=(-113.9,84.8)
[17:20:20] [t=34.6s] spd=5.13 des=8.0 thr=0.59 brk=0.00 out_steer=-0.05 raw_steer=-0.05 alpha=-0.081 look=10.0 cte=0.80 err=0.22 yaw(gt)=83.1 yaw(F)=83.4 gyaw=82.1 gyro=0.8°/s yaw_a=0.080 fused=(-113.8,87.3) p=0 r=0 obs=inf(none) tl=green/999m wp=78/93 avd=- loc=(-113.6,87.4)
[17:20:21] [t=35.1s] spd=5.13 des=8.0 thr=0.59 brk=0.00 out_steer=-0.03 raw_steer=-0.03 alpha=-0.051 look=9.5 cte=0.48 err=0.14 yaw(gt)=80.9 yaw(F)=81.1 gyaw=81.2 gyro=-3.1°/s yaw_a=0.080 fused=(-113.2,89.8) p=0 r=0 obs=inf(none) tl=green/999m wp=80/93 avd=- loc=(-113.2,89.9)
[17:20:21] [t=35.6s] spd=5.13 des=8.0 thr=0.59 brk=0.00 out_steer=-0.03 raw_steer=-0.03 alpha=-0.045 look=8.9 cte=0.40 err=0.12 yaw(gt)=79.3 yaw(F)=79.5 gyaw=80.7 gyro=-1.1°/s yaw_a=0.080 fused=(-112.6,92.5) p=0 r=0 obs=inf(none) tl=green/999m wp=81/93 avd=- loc=(-112.7,92.5)
[17:20:22] [t=36.1s] spd=5.13 des=8.0 thr=0.59 brk=0.00 out_steer=-0.02 raw_steer=-0.02 alpha=-0.039 look=8.4 cte=0.33 err=0.22 yaw(gt)=77.5 yaw(F)=77.7 gyaw=78.4 gyro=-3.7°/s yaw_a=0.080 fused=(-112.0,95.1) p=0 r=0 obs=inf(none) tl=green/999m wp=82/93 avd=- loc=(-112.2,95.0)
[17:20:22] [t=36.6s] spd=5.13 des=8.0 thr=0.59 brk=0.00 out_steer=-0.02 raw_steer=-0.02 alpha=-0.031 look=8.3 cte=0.26 err=0.39 yaw(gt)=76.0 yaw(F)=76.2 gyaw=75.3 gyro=-1.4°/s yaw_a=0.080 fused=(-111.3,97.2) p=0 r=0 obs=inf(none) tl=green/999m wp=83/93 avd=- loc=(-111.5,97.5)
[17:20:23] [t=37.1s] spd=5.13 des=8.0 thr=0.59 brk=0.00 out_steer=-0.06 raw_steer=-0.06 alpha=-0.096 look=10.0 cte=0.95 err=0.21 yaw(gt)=74.3 yaw(F)=74.1 gyaw=74.5 gyro=-4.3°/s yaw_a=0.080 fused=(-111.0,99.8) p=0 r=0 obs=inf(none) tl=green/999m wp=84/93 avd=- loc=(-110.9,100.0)
[17:20:23] [t=37.6s] spd=5.13 des=8.0 thr=0.59 brk=0.00 out_steer=-0.03 raw_steer=-0.03 alpha=-0.057 look=9.4 cte=0.53 err=0.11 yaw(gt)=71.3 yaw(F)=71.2 gyaw=71.6 gyro=-3.4°/s yaw_a=0.080 fused=(-109.9,102.4) p=0 r=0 obs=inf(none) tl=green/999m wp=86/93 avd=- loc=(-110.0,102.4)
[17:20:24] [t=38.1s] spd=5.13 des=8.0 thr=0.59 brk=0.00 out_steer=-0.04 raw_steer=-0.04 alpha=-0.073 look=9.1 cte=0.67 err=0.24 yaw(gt)=69.3 yaw(F)=69.2 gyaw=68.9 gyro=-4.3°/s yaw_a=0.080 fused=(-109.3,104.7) p=0 r=0 obs=inf(none) tl=green/999m wp=87/93 avd=- loc=(-109.1,104.8)
[17:20:24] [t=38.6s] spd=5.13 des=8.0 thr=0.59 brk=0.00 out_steer=-0.03 raw_steer=-0.03 alpha=-0.052 look=8.5 cte=0.44 err=0.06 yaw(gt)=66.8 yaw(F)=67.3 gyaw=68.6 gyro=-3.3°/s yaw_a=0.080 fused=(-108.1,107.2) p=0 r=0 obs=inf(none) tl=green/999m wp=88/93 avd=- loc=(-108.1,107.2)
[17:20:25] [t=39.1s] spd=5.13 des=8.0 thr=0.59 brk=0.00 out_steer=-0.02 raw_steer=-0.02 alpha=-0.042 look=5.6 cte=0.23 err=0.27 yaw(gt)=65.3 yaw(F)=65.6 gyaw=66.5 gyro=-4.1°/s yaw_a=0.080 fused=(-106.9,109.8) p=0 r=0 obs=inf(none) tl=green/999m wp=89/93 avd=- loc=(-107.1,109.6)
[17:20:25] [t=39.6s] spd=5.13 des=8.0 thr=0.59 brk=0.00 out_steer=-0.05 raw_steer=-0.05 alpha=-0.083 look=3.1 cte=0.26 err=0.31 yaw(gt)=63.2 yaw(F)=63.1 gyaw=63.3 gyro=-6.1°/s yaw_a=0.080 fused=(-106.0,112.2) p=0 r=0 obs=inf(none) tl=green/999m wp=91/93 avd=- loc=(-105.9,111.9)
[17:20:25] 到达终点
[17:20:25] 实验10结束 · 到达=True · 用时=40s · 里程=187m · 平均定位误差=0.22m · 平均|CTE|=0.33m · 碰撞事故=0次 · 感知闭环=关
=== CARLA relay 模块加载 === pid=31928
[17:43:53] 实验4 (LiDAR 障碍物检测) 启动
[17:43:53] 已清理上一实验残留 actor ×1
[17:43:53] 正在配置仿真环境（同步模式 + 交通管理）…
[17:44:01] 正在生成主车…
[17:44:01] 主车已生成 (id=336)
[17:44:03] 正在生成 NPC 车辆 (1/15)…
[17:44:03] 正在生成 NPC 车辆 (2/15)…
[17:44:03] 正在生成 NPC 车辆 (3/15)…
[17:44:03] 正在生成 NPC 车辆 (4/15)…
[17:44:03] 正在生成 NPC 车辆 (5/15)…
[17:44:03] 正在生成 NPC 车辆 (6/15)…
[17:44:03] 正在生成 NPC 车辆 (7/15)…
[17:44:03] 正在生成 NPC 车辆 (8/15)…
[17:44:03] 正在生成 NPC 车辆 (9/15)…
[17:44:03] 正在生成 NPC 车辆 (10/15)…
[17:44:03] 正在生成 NPC 车辆 (11/15)…
[17:44:03] 正在生成 NPC 车辆 (12/15)…
[17:44:03] 正在生成 NPC 车辆 (13/15)…
[17:44:03] 正在生成 NPC 车辆 (14/15)…
[17:44:03] 正在生成 NPC 车辆 (15/15)…
[17:44:03] 已生成 15/15 辆 NPC
[17:44:03] 正在挂载三目相机…
[17:44:03] LiDAR 参数: PPS=120000, channels=64, rotFreq=20.0Hz（每圈 1 tick）→ PLPR=93.75，整圈点数≈6000，点云更新率=20.0Hz
[17:44:05] 正在挂载 LiDAR…
[17:44:09] 传感器已挂载 (LiDAR range=60.0m, channels=64)
[17:44:12] 自动驾驶已启用，开始采集
[17:44:12] 检测走廊: x>0, |y|<3m, z>-1.7m
[17:44:14] 准备就绪，开始采集数据…
[17:45:44] 采集完成 — 1800 行数据
[17:45:44] 实验4 完成
[17:46:01] 实验5 (语义分割) 启动
[17:46:01] 已清理上一实验残留 actor ×1
[17:46:01] 正在配置仿真环境（同步模式 + 交通管理）…
[17:46:01] 正在生成主车…
[17:46:01] 正在挂载相机（RGB / 语义 / 实例）…
[17:46:01] 车辆+RGB+语义+实例相机已挂载 (id=357)
[17:46:01] 渲染预热中（首帧着色器编译）…
[17:46:01] 自动驾驶已启用，开始采集
[17:46:28] 实验5 完成 — 400 行
[19:44:01] 实验4 (LiDAR 障碍物检测) 启动
[19:44:01] 已清理上一实验残留 actor ×1
[19:44:01] 正在配置仿真环境（同步模式 + 交通管理）…
[19:44:09] 正在生成主车…
[19:44:09] 主车已生成 (id=362)
[19:44:11] 正在生成 NPC 车辆 (1/15)…
[19:44:11] 正在生成 NPC 车辆 (2/15)…
[19:44:11] 正在生成 NPC 车辆 (3/15)…
[19:44:11] 正在生成 NPC 车辆 (4/15)…
[19:44:11] 正在生成 NPC 车辆 (5/15)…
[19:44:11] 正在生成 NPC 车辆 (6/15)…
[19:44:11] 正在生成 NPC 车辆 (7/15)…
[19:44:11] 正在生成 NPC 车辆 (8/15)…
[19:44:11] 正在生成 NPC 车辆 (9/15)…
[19:44:11] 正在生成 NPC 车辆 (10/15)…
[19:44:11] 正在生成 NPC 车辆 (11/15)…
[19:44:11] 正在生成 NPC 车辆 (12/15)…
[19:44:11] 正在生成 NPC 车辆 (13/15)…
[19:44:11] 正在生成 NPC 车辆 (14/15)…
[19:44:11] 正在生成 NPC 车辆 (15/15)…
[19:44:11] 已生成 15/15 辆 NPC
[19:44:11] 正在挂载三目相机…
[19:44:11] LiDAR 参数: PPS=120000, channels=64, rotFreq=20.0Hz（每圈 1 tick）→ PLPR=93.75，整圈点数≈6000，点云更新率=20.0Hz
[19:44:13] 正在挂载 LiDAR…
[19:44:17] 传感器已挂载 (LiDAR range=60.0m, channels=64)
[19:44:20] 自动驾驶已启用，开始采集
[19:44:20] 检测走廊: x>0, |y|<3m, z>-1.7m
[19:44:22] 准备就绪，开始采集数据…
[19:45:52] 采集完成 — 1800 行数据
[19:45:52] 实验4 完成
[19:47:09] 实验10 (闭环自动驾驶) 启动
[19:47:09] 正在确定起终点并配置仿真环境…
[19:47:09] 本次参数: gnssσ=0.00 insσ=0.00 alpha=0.080 target=8.0m/s lookahead=8.0m kp=1.40
[19:47:09] 感知闭环: 开（bbox 相机单目测距）
[19:47:09] 起终点: (-114.3, 47.2) → (81.6, 139.2), 直线 216.4 m
[19:47:09] 正在生成主车…
[19:47:09] 正在挂载传感器（相机 ×4 / LiDAR / GNSS / IMU）…
[19:47:09] 车辆+传感器就绪: vid=384 cam=385 inst=386 lidar=389 gnss=390 imu=391 collision=392
[19:47:09] 正在清理上次实验残留…
[19:47:09] 已清理世界中 2 个遗留车辆/行人
[19:47:09] 正在规划全局路线（构建路网拓扑，可能需要数秒）…
[19:47:09] 路线规划完成: 129 waypoints
[19:47:09] 已自动生成 3/3 个路线障碍物
[19:47:09] 稳定预热中…
[19:47:11] [t=0.8s] spd=0.00 des=8.0 thr=1.00 brk=0.00 out_steer=-0.00 raw_steer=-0.00 alpha=-0.000 look=8.7 cte=0.00 err=0.00 yaw(gt)=90.6 yaw(F)=90.6 gyaw=90.6 gyro=0.0°/s yaw_a=0.080 fused=(-114.3,47.2) p=0 r=0 obs=41.869601629892884(vehicle) tl=green/999m wp=0/129 avd=- loc=(-114.3,47.2)
[19:47:12] [t=1.4s] spd=2.36 des=8.0 thr=0.93 brk=0.00 out_steer=0.00 raw_steer=0.00 alpha=+0.000 look=8.1 cte=-0.00 err=0.03 yaw(gt)=90.6 yaw(F)=90.6 gyaw=90.6 gyro=-0.0°/s yaw_a=0.080 fused=(-114.3,47.7) p=1 r=-0 obs=33.4473657572038(vehicle) tl=green/999m wp=0/129 avd=- loc=(-114.3,47.7)
[19:47:12] [t=2.0s] spd=3.88 des=8.0 thr=0.74 brk=0.00 out_steer=-0.00 raw_steer=-0.00 alpha=-0.000 look=8.5 cte=0.00 err=0.03 yaw(gt)=90.6 yaw(F)=90.6 gyaw=90.6 gyro=0.0°/s yaw_a=0.080 fused=(-114.3,49.3) p=0 r=-0 obs=35.621050502717(vehicle) tl=green/999m wp=1/129 avd=- loc=(-114.3,49.3)
[19:47:13] [t=2.7s] spd=4.79 des=8.0 thr=0.64 brk=0.00 out_steer=-0.00 raw_steer=-0.00 alpha=-0.000 look=8.3 cte=0.00 err=0.03 yaw(gt)=90.6 yaw(F)=90.6 gyaw=90.6 gyro=-0.0°/s yaw_a=0.080 fused=(-114.3,51.5) p=0 r=0 obs=35.24226010069593(vehicle) tl=green/999m wp=2/129 avd=- loc=(-114.3,51.5)
[19:47:14] [t=3.3s] spd=5.05 des=8.0 thr=0.60 brk=0.00 out_steer=-0.00 raw_steer=-0.00 alpha=-0.000 look=9.8 cte=0.00 err=0.02 yaw(gt)=90.7 yaw(F)=90.7 gyaw=90.7 gyro=0.7°/s yaw_a=0.080 fused=(-114.3,54.0) p=0 r=-0 obs=32.43850584002329(vehicle) tl=green/999m wp=3/129 avd=- loc=(-114.3,54.0)
[19:47:14] [t=3.9s] spd=5.16 des=8.0 thr=0.59 brk=0.00 out_steer=-0.00 raw_steer=-0.00 alpha=-0.001 look=9.3 cte=0.01 err=0.01 yaw(gt)=90.7 yaw(F)=90.7 gyaw=90.7 gyro=-0.2°/s yaw_a=0.080 fused=(-114.4,56.5) p=0 r=-0 obs=29.915575764393026(vehicle) tl=green/999m wp=4/129 avd=- loc=(-114.4,56.5)
[19:47:15] [t=4.6s] spd=5.05 des=8.0 thr=0.60 brk=0.00 out_steer=-0.00 raw_steer=-0.00 alpha=-0.001 look=8.7 cte=0.01 err=0.00 yaw(gt)=90.7 yaw(F)=90.7 gyaw=90.7 gyro=0.7°/s yaw_a=0.080 fused=(-114.4,59.1) p=0 r=0 obs=27.52817092778655(vehicle) tl=green/999m wp=6/129 avd=- loc=(-114.4,59.1)
[19:47:16] [t=5.2s] spd=4.91 des=8.0 thr=0.62 brk=0.00 out_steer=-0.00 raw_steer=-0.00 alpha=-0.000 look=8.2 cte=0.00 err=0.00 yaw(gt)=90.6 yaw(F)=90.6 gyaw=90.6 gyro=-0.1°/s yaw_a=0.080 fused=(-114.4,61.6) p=-0 r=0 obs=23.96644327134437(vehicle) tl=green/999m wp=7/129 avd=- loc=(-114.4,61.6)
[19:47:16] [t=5.8s] spd=4.64 des=8.0 thr=0.65 brk=0.00 out_steer=-0.00 raw_steer=-0.00 alpha=-0.000 look=9.8 cte=0.00 err=0.01 yaw(gt)=90.6 yaw(F)=90.6 gyaw=90.6 gyro=-0.0°/s yaw_a=0.080 fused=(-114.5,64.1) p=-0 r=0 obs=22.244158751732705(vehicle) tl=green/999m wp=8/129 avd=- loc=(-114.5,64.1)
[19:47:17] 前方 19m 本车道内有障碍，换道绕行右（偏移 3.5m）
[19:47:17] [t=6.4s] spd=4.24 des=8.0 thr=0.70 brk=0.00 out_steer=-0.19 raw_steer=-0.19 alpha=-0.336 look=10.1 cte=3.34 err=0.01 yaw(gt)=89.8 yaw(F)=89.8 gyaw=89.8 gyro=-12.4°/s yaw_a=0.080 fused=(-114.5,66.3) p=-0 r=0 obs=18.398838501334694(vehicle) tl=green/999m wp=9/129 avd=R(5, 2) loc=(-114.5,66.3)
[19:47:17] [t=7.0s] spd=4.70 des=8.0 thr=0.65 brk=0.00 out_steer=-0.09 raw_steer=-0.09 alpha=-0.156 look=9.9 cte=1.54 err=0.06 yaw(gt)=81.4 yaw(F)=81.4 gyaw=81.4 gyro=-12.1°/s yaw_a=0.080 fused=(-114.1,68.5) p=0 r=0 obs=13.897831407662153(vehicle) tl=green/999m wp=10/129 avd=R(5, 2) loc=(-114.1,68.5)
[19:47:18] [t=7.6s] spd=5.03 des=8.0 thr=0.61 brk=0.00 out_steer=-0.03 raw_steer=-0.03 alpha=-0.045 look=9.4 cte=0.42 err=0.05 yaw(gt)=77.1 yaw(F)=77.1 gyaw=77.1 gyro=-4.1°/s yaw_a=0.080 fused=(-113.5,70.9) p=0 r=0 obs=36.30660052737334(vehicle) tl=green/999m wp=12/129 avd=R(5, 2) loc=(-113.6,70.9)
[19:47:19] [t=8.2s] spd=5.00 des=8.0 thr=0.61 brk=0.00 out_steer=0.01 raw_steer=0.01 alpha=+0.011 look=8.9 cte=-0.10 err=0.03 yaw(gt)=76.1 yaw(F)=76.1 gyaw=76.1 gyro=-0.0°/s yaw_a=0.080 fused=(-112.9,73.3) p=0 r=-0 obs=33.939292955303806(vehicle) tl=green/999m wp=13/129 avd=R(5, 2) loc=(-113.0,73.3)
[19:47:19] 绕行完成，回正车道
[19:47:19] [t=8.8s] spd=5.14 des=8.0 thr=0.59 brk=0.00 out_steer=0.24 raw_steer=0.24 alpha=+0.439 look=8.8 cte=-3.72 err=0.01 yaw(gt)=76.9 yaw(F)=76.9 gyaw=76.9 gyro=2.0°/s yaw_a=0.080 fused=(-112.4,75.8) p=0 r=-0 obs=30.165162206272434(vehicle) tl=green/999m wp=14/129 avd=- loc=(-112.4,75.8)
[19:47:20] [t=9.4s] spd=5.02 des=8.0 thr=0.61 brk=0.00 out_steer=0.14 raw_steer=0.14 alpha=+0.250 look=8.3 cte=-2.06 err=0.07 yaw(gt)=87.5 yaw(F)=87.5 gyaw=87.5 gyro=20.7°/s yaw_a=0.080 fused=(-112.2,78.4) p=0 r=-0 obs=28.609578131988282(vehicle) tl=green/999m wp=15/129 avd=- loc=(-112.2,78.4)
[19:47:21] [t=10.1s] spd=5.04 des=8.0 thr=0.60 brk=0.00 out_steer=0.02 raw_steer=0.02 alpha=+0.027 look=9.9 cte=-0.27 err=0.07 yaw(gt)=93.6 yaw(F)=93.6 gyaw=93.6 gyro=7.5°/s yaw_a=0.080 fused=(-112.4,80.9) p=0 r=-0 obs=24.134996312474215(vehicle) tl=green/999m wp=16/129 avd=- loc=(-112.3,80.9)
[19:47:21] [t=10.6s] spd=4.14 des=8.0 thr=0.71 brk=0.00 out_steer=-0.03 raw_steer=-0.03 alpha=-0.043 look=9.6 cte=0.42 err=0.03 yaw(gt)=94.4 yaw(F)=94.4 gyaw=94.4 gyro=-2.3°/s yaw_a=0.080 fused=(-112.5,83.3) p=-0 r=0 obs=22.80350930281932(vehicle) tl=green/999m wp=18/129 avd=- loc=(-112.5,83.3)
[19:47:21] 前方 19m 本车道内有障碍，换道绕行右（偏移 3.5m）
[19:47:22] [t=11.2s] spd=4.63 des=8.0 thr=0.65 brk=0.00 out_steer=-0.22 raw_steer=-0.22 alpha=-0.393 look=9.3 cte=3.58 err=0.03 yaw(gt)=90.1 yaw(F)=90.1 gyaw=90.1 gyro=-24.7°/s yaw_a=0.080 fused=(-112.5,85.5) p=0 r=1 obs=18.222317613028302(vehicle) tl=green/999m wp=19/129 avd=R(5, 2) loc=(-112.5,85.5)
[19:47:22] [t=11.7s] spd=5.06 des=8.0 thr=0.60 brk=0.00 out_steer=-0.13 raw_steer=-0.13 alpha=-0.221 look=9.0 cte=1.97 err=0.08 yaw(gt)=79.2 yaw(F)=79.2 gyaw=79.2 gyro=-17.8°/s yaw_a=0.080 fused=(-112.0,87.9) p=0 r=0 obs=17.527489641724063(vehicle) tl=green/999m wp=20/129 avd=R(5, 2) loc=(-112.1,87.9)
[19:47:23] [t=12.3s] spd=5.10 des=8.0 thr=0.60 brk=0.00 out_steer=-0.06 raw_steer=-0.06 alpha=-0.111 look=8.5 cte=0.94 err=0.08 yaw(gt)=72.6 yaw(F)=72.6 gyaw=72.6 gyro=-9.9°/s yaw_a=0.080 fused=(-111.3,90.3) p=0 r=0 obs=15.406471679906735(vehicle) tl=green/999m wp=21/129 avd=R(5, 2) loc=(-111.4,90.3)
[19:47:23] [t=12.9s] spd=4.99 des=8.0 thr=0.61 brk=0.00 out_steer=-0.03 raw_steer=-0.03 alpha=-0.051 look=8.0 cte=0.41 err=0.05 yaw(gt)=69.4 yaw(F)=69.4 gyaw=69.4 gyro=-3.5°/s yaw_a=0.080 fused=(-110.4,92.7) p=0 r=0 obs=12.29301756070003(vehicle) tl=green/999m wp=22/129 avd=R(5, 2) loc=(-110.5,92.7)
[19:47:24] [t=13.5s] spd=5.01 des=8.0 thr=0.61 brk=0.00 out_steer=-0.01 raw_steer=-0.01 alpha=-0.020 look=7.5 cte=0.15 err=0.03 yaw(gt)=68.0 yaw(F)=68.0 gyaw=68.0 gyro=-2.5°/s yaw_a=0.080 fused=(-109.5,95.1) p=0 r=0 obs=9.350569278803635(vehicle) tl=green/999m wp=23/129 avd=R(5, 2) loc=(-109.5,95.1)
[19:47:24] [t=14.1s] spd=5.08 des=8.0 thr=0.60 brk=0.00 out_steer=-0.00 raw_steer=-0.00 alpha=-0.008 look=9.0 cte=0.07 err=0.02 yaw(gt)=67.6 yaw(F)=67.6 gyaw=67.6 gyro=0.1°/s yaw_a=0.080 fused=(-108.5,97.5) p=0 r=0 obs=6.525969853785453(vehicle) tl=green/999m wp=25/129 avd=R(5, 2) loc=(-108.5,97.5)
[19:47:25] [t=14.7s] spd=5.05 des=8.0 thr=0.60 brk=0.00 out_steer=-0.01 raw_steer=-0.01 alpha=-0.012 look=8.5 cte=0.10 err=0.01 yaw(gt)=67.4 yaw(F)=67.4 gyaw=67.4 gyro=-0.1°/s yaw_a=0.080 fused=(-107.6,99.8) p=0 r=0 obs=3.8063787545588066(vehicle) tl=green/999m wp=26/129 avd=R(5, 2) loc=(-107.6,99.8)
[19:47:26] [t=15.3s] spd=5.10 des=8.0 thr=0.60 brk=0.00 out_steer=-0.01 raw_steer=-0.01 alpha=-0.018 look=8.0 cte=0.14 err=0.01 yaw(gt)=67.0 yaw(F)=67.0 gyaw=67.0 gyro=-0.7°/s yaw_a=0.080 fused=(-106.6,102.2) p=0 r=0 obs=2.3312611287494374(vehicle) tl=green/999m wp=27/129 avd=R(5, 2) loc=(-106.6,102.2)
[19:47:26] [t=15.9s] spd=5.13 des=8.0 thr=0.59 brk=0.00 out_steer=-0.01 raw_steer=-0.01 alpha=-0.023 look=7.5 cte=0.17 err=0.01 yaw(gt)=66.2 yaw(F)=66.2 gyaw=66.2 gyro=-1.2°/s yaw_a=0.080 fused=(-105.5,104.5) p=0 r=0 obs=2.082319566297182(vehicle) tl=green/999m wp=28/129 avd=R(5, 2) loc=(-105.5,104.5)
[19:47:27] [t=16.5s] spd=5.14 des=8.0 thr=0.59 brk=0.00 out_steer=-0.03 raw_steer=-0.03 alpha=-0.044 look=9.0 cte=0.39 err=0.01 yaw(gt)=65.1 yaw(F)=65.1 gyaw=65.1 gyro=-1.5°/s yaw_a=0.080 fused=(-104.4,106.9) p=0 r=0 obs=7.219057416405349(vehicle) tl=green/999m wp=30/129 avd=R(5, 2) loc=(-104.4,106.9)
[19:47:28] [t=17.1s] spd=5.14 des=8.0 thr=0.59 brk=0.00 out_steer=-0.03 raw_steer=-0.03 alpha=-0.046 look=8.4 cte=0.39 err=0.01 yaw(gt)=63.7 yaw(F)=63.7 gyaw=63.7 gyro=-2.8°/s yaw_a=0.080 fused=(-103.3,109.2) p=0 r=0 obs=4.3040491154108995(vehicle) tl=green/999m wp=31/129 avd=R(5, 2) loc=(-103.3,109.2)
[19:47:28] 绕行完成，回正车道
[19:47:28] 前方 3m 本车道内有障碍，换道绕行右（偏移 3.5m）
[19:47:28] [t=17.7s] spd=5.08 des=8.0 thr=0.60 brk=0.00 out_steer=-0.04 raw_steer=-0.04 alpha=-0.066 look=7.9 cte=0.52 err=0.01 yaw(gt)=62.9 yaw(F)=62.9 gyaw=62.9 gyro=-3.4°/s yaw_a=0.080 fused=(-102.1,111.5) p=0 r=0 obs=inf(none) tl=green/999m wp=32/129 avd=R(5, 1) loc=(-102.1,111.5)
[19:47:29] [t=18.3s] spd=5.02 des=8.0 thr=0.61 brk=0.00 out_steer=-0.03 raw_steer=-0.03 alpha=-0.058 look=7.4 cte=0.43 err=0.02 yaw(gt)=60.4 yaw(F)=60.4 gyaw=60.4 gyro=-5.7°/s yaw_a=0.080 fused=(-100.9,113.7) p=0 r=0 obs=inf(none) tl=green/999m wp=33/129 avd=R(5, 1) loc=(-100.9,113.7)
[19:47:29] [t=18.9s] spd=5.10 des=8.0 thr=0.60 brk=0.00 out_steer=-0.03 raw_steer=-0.03 alpha=-0.057 look=7.0 cte=0.40 err=0.03 yaw(gt)=58.0 yaw(F)=58.0 gyaw=58.0 gyro=-4.0°/s yaw_a=0.080 fused=(-99.5,115.9) p=0 r=0 obs=inf(none) tl=green/999m wp=35/129 avd=R(5, 1) loc=(-99.5,115.9)
[19:47:30] [t=19.5s] spd=5.04 des=8.0 thr=0.61 brk=0.00 out_steer=-0.05 raw_steer=-0.05 alpha=-0.083 look=8.5 cte=0.71 err=0.03 yaw(gt)=55.2 yaw(F)=55.2 gyaw=55.2 gyro=-6.2°/s yaw_a=0.080 fused=(-98.1,118.0) p=0 r=0 obs=49.11662978679967(vehicle) tl=green/999m wp=36/129 avd=R(5, 1) loc=(-98.1,118.0)
[19:47:30] 绕行完成，回正车道
[19:47:31] [t=20.2s] spd=5.20 des=8.0 thr=0.59 brk=0.00 out_steer=0.15 raw_steer=0.15 alpha=+0.264 look=9.1 cte=-2.38 err=0.01 yaw(gt)=54.5 yaw(F)=54.5 gyaw=54.5 gyro=16.5°/s yaw_a=0.080 fused=(-96.6,120.1) p=0 r=-1 obs=48.615270351437324(vehicle) tl=green/999m wp=37/129 avd=- loc=(-96.6,120.1)
[19:47:31] [t=20.8s] spd=5.12 des=8.0 thr=0.60 brk=0.00 out_steer=0.03 raw_steer=0.03 alpha=+0.057 look=8.5 cte=-0.49 err=0.04 yaw(gt)=61.2 yaw(F)=61.2 gyaw=61.2 gyro=6.1°/s yaw_a=0.080 fused=(-95.4,122.4) p=0 r=-0 obs=inf(none) tl=green/999m wp=38/129 avd=- loc=(-95.3,122.4)
[19:47:32] [t=21.4s] spd=5.08 des=8.0 thr=0.60 brk=0.00 out_steer=-0.03 raw_steer=-0.03 alpha=-0.047 look=8.0 cte=0.38 err=0.01 yaw(gt)=61.0 yaw(F)=61.0 gyaw=61.0 gyro=-3.2°/s yaw_a=0.080 fused=(-94.1,124.6) p=0 r=0 obs=49.53124256359436(vehicle) tl=green/999m wp=40/129 avd=- loc=(-94.1,124.6)
[19:47:32] [t=22.0s] spd=4.99 des=8.0 thr=0.61 brk=0.00 out_steer=-0.10 raw_steer=-0.10 alpha=-0.168 look=9.7 cte=1.63 err=0.03 yaw(gt)=56.9 yaw(F)=56.9 gyaw=56.9 gyro=-10.4°/s yaw_a=0.080 fused=(-92.7,126.7) p=0 r=0 obs=44.94455093605498(vehicle) tl=green/999m wp=41/129 avd=- loc=(-92.7,126.8)
[19:47:33] [t=22.6s] spd=5.16 des=8.0 thr=0.59 brk=0.00 out_steer=-0.09 raw_steer=-0.09 alpha=-0.163 look=9.3 cte=1.52 err=0.05 yaw(gt)=51.1 yaw(F)=51.1 gyaw=51.1 gyro=-13.8°/s yaw_a=0.080 fused=(-91.1,128.8) p=0 r=0 obs=40.32565818507653(vehicle) tl=green/999m wp=42/129 avd=- loc=(-91.2,128.8)
[19:47:34] [t=23.3s] spd=5.21 des=8.0 thr=0.58 brk=0.00 out_steer=-0.09 raw_steer=-0.09 alpha=-0.148 look=9.0 cte=1.33 err=0.06 yaw(gt)=45.2 yaw(F)=45.2 gyaw=45.2 gyro=-12.0°/s yaw_a=0.080 fused=(-89.3,130.6) p=0 r=0 obs=27.576346237133176(vehicle) tl=green/999m wp=43/129 avd=- loc=(-89.4,130.6)
[19:47:34] [t=23.9s] spd=5.09 des=8.0 thr=0.60 brk=0.00 out_steer=-0.08 raw_steer=-0.08 alpha=-0.130 look=8.7 cte=1.13 err=0.07 yaw(gt)=39.6 yaw(F)=39.6 gyaw=39.6 gyro=-10.7°/s yaw_a=0.080 fused=(-87.4,132.2) p=0 r=0 obs=38.132714691113115(vehicle) tl=green/999m wp=44/129 avd=- loc=(-87.4,132.3)
[19:47:35] 前方 19m 本车道内有障碍，换道绕行右（偏移 3.5m）
[19:47:35] [t=24.5s] spd=4.14 des=8.0 thr=0.71 brk=0.00 out_steer=-0.25 raw_steer=-0.25 alpha=-0.452 look=8.7 cte=3.82 err=0.09 yaw(gt)=31.7 yaw(F)=31.7 gyaw=31.7 gyro=-25.5°/s yaw_a=0.080 fused=(-85.5,133.5) p=-0 r=1 obs=18.100235294790078(vehicle) tl=green/29m wp=45/129 avd=R(5, 2) loc=(-85.5,133.5)
[19:47:36] [t=25.2s] spd=4.82 des=8.0 thr=0.63 brk=0.00 out_steer=-0.15 raw_steer=-0.15 alpha=-0.271 look=8.6 cte=2.29 err=0.11 yaw(gt)=20.6 yaw(F)=20.6 gyaw=20.6 gyro=-19.3°/s yaw_a=0.080 fused=(-83.4,134.2) p=0 r=0 obs=23.111802407292693(vehicle) tl=green/27m wp=46/129 avd=R(5, 2) loc=(-83.4,134.3)
[19:47:36] [t=25.8s] spd=5.07 des=8.0 thr=0.60 brk=0.00 out_steer=-0.08 raw_steer=-0.08 alpha=-0.133 look=9.1 cte=1.21 err=0.09 yaw(gt)=13.5 yaw(F)=13.5 gyaw=13.5 gyro=-11.3°/s yaw_a=0.080 fused=(-81.0,134.8) p=0 r=0 obs=31.483702547095934(vehicle) tl=green/999m wp=47/129 avd=R(5, 2) loc=(-81.0,134.9)
[19:47:37] [t=26.4s] spd=5.03 des=8.0 thr=0.61 brk=0.00 out_steer=-0.04 raw_steer=-0.04 alpha=-0.062 look=8.5 cte=0.53 err=0.07 yaw(gt)=9.3 yaw(F)=9.3 gyaw=9.3 gyro=-6.1°/s yaw_a=0.080 fused=(-78.5,135.3) p=0 r=0 obs=26.016873359945983(vehicle) tl=green/999m wp=48/129 avd=R(5, 2) loc=(-78.5,135.3)
[19:47:37] 绕行完成，回正车道
[19:47:37] 前方 19m 本车道内有障碍，换道绕行右（偏移 3.5m）
[19:47:37] [t=27.1s] spd=4.85 des=8.0 thr=0.63 brk=0.00 out_steer=-0.04 raw_steer=-0.04 alpha=-0.075 look=8.1 cte=0.61 err=0.02 yaw(gt)=9.6 yaw(F)=9.6 gyaw=9.6 gyro=19.8°/s yaw_a=0.080 fused=(-76.0,135.7) p=-0 r=-1 obs=19.071204940770066(vehicle) tl=green/999m wp=50/129 avd=R(516, 2) loc=(-76.0,135.7)
[19:47:38] [t=27.7s] spd=4.76 des=8.0 thr=0.64 brk=0.00 out_steer=-0.04 raw_steer=-0.04 alpha=-0.066 look=7.9 cte=0.52 err=0.02 yaw(gt)=8.3 yaw(F)=8.3 gyaw=8.3 gyro=-5.0°/s yaw_a=0.080 fused=(-73.7,136.1) p=0 r=0 obs=20.33227583836818(vehicle) tl=green/999m wp=50/129 avd=R(516, 2) loc=(-73.7,136.1)
[19:47:39] [t=28.3s] spd=5.06 des=8.0 thr=0.60 brk=0.00 out_steer=-0.03 raw_steer=-0.03 alpha=-0.044 look=7.5 cte=0.33 err=0.02 yaw(gt)=6.1 yaw(F)=6.1 gyaw=6.1 gyro=-3.8°/s yaw_a=0.080 fused=(-71.2,136.3) p=0 r=0 obs=16.114362042022776(vehicle) tl=green/999m wp=51/129 avd=R(516, 2) loc=(-71.2,136.4)
[19:47:39] [t=28.9s] spd=5.18 des=8.0 thr=0.59 brk=0.00 out_steer=-0.02 raw_steer=-0.02 alpha=-0.043 look=9.0 cte=0.38 err=0.02 yaw(gt)=4.4 yaw(F)=4.4 gyaw=4.4 gyro=-2.5°/s yaw_a=0.080 fused=(-68.7,136.5) p=0 r=0 obs=17.584949417187346(vehicle) tl=green/999m wp=54/129 avd=R(516, 2) loc=(-68.7,136.6)
[19:47:40] [t=29.6s] spd=5.06 des=8.0 thr=0.60 brk=0.00 out_steer=-0.02 raw_steer=-0.02 alpha=-0.032 look=8.4 cte=0.26 err=0.02 yaw(gt)=3.0 yaw(F)=3.0 gyaw=3.0 gyro=-2.3°/s yaw_a=0.080 fused=(-66.2,136.7) p=0 r=0 obs=32.38207055469543(vehicle) tl=green/999m wp=55/129 avd=R(516, 2) loc=(-66.2,136.7)
[19:47:40] 绕行完成，回正车道
[19:47:41] [t=30.3s] spd=4.69 des=8.0 thr=0.65 brk=0.00 out_steer=0.12 raw_steer=0.12 alpha=+0.208 look=8.5 cte=-1.76 err=0.05 yaw(gt)=10.4 yaw(F)=10.4 gyaw=10.4 gyro=14.8°/s yaw_a=0.080 fused=(-63.7,137.1) p=-0 r=-0 obs=23.732536243838137(vehicle) tl=green/999m wp=56/129 avd=- loc=(-63.7,137.1)
[19:47:41] [t=30.9s] spd=4.90 des=8.0 thr=0.62 brk=0.00 out_steer=0.04 raw_steer=0.04 alpha=+0.074 look=8.1 cte=-0.60 err=0.05 yaw(gt)=14.8 yaw(F)=14.8 gyaw=14.8 gyro=5.7°/s yaw_a=0.080 fused=(-61.4,137.7) p=0 r=-0 obs=27.759313729907475(vehicle) tl=green/999m wp=57/129 avd=- loc=(-61.4,137.7)
[19:47:42] [t=31.6s] spd=5.05 des=8.0 thr=0.60 brk=0.00 out_steer=-0.03 raw_steer=-0.03 alpha=-0.048 look=9.4 cte=0.45 err=0.02 yaw(gt)=15.1 yaw(F)=15.1 gyaw=15.1 gyro=-2.9°/s yaw_a=0.080 fused=(-59.0,138.4) p=0 r=0 obs=27.397081078141753(vehicle) tl=green/999m wp=58/129 avd=- loc=(-59.0,138.4)
[19:47:43] [t=32.2s] spd=5.05 des=8.0 thr=0.60 brk=0.00 out_steer=-0.04 raw_steer=-0.04 alpha=-0.063 look=8.8 cte=0.55 err=0.01 yaw(gt)=13.1 yaw(F)=13.1 gyaw=13.1 gyro=-5.3°/s yaw_a=0.080 fused=(-56.5,139.0) p=0 r=0 obs=inf(none) tl=green/999m wp=60/129 avd=- loc=(-56.5,139.0)
[19:47:43] [t=32.8s] spd=5.23 des=8.0 thr=0.58 brk=0.00 out_steer=-0.04 raw_steer=-0.04 alpha=-0.063 look=8.3 cte=0.52 err=0.02 yaw(gt)=10.6 yaw(F)=10.6 gyaw=10.6 gyro=-4.9°/s yaw_a=0.080 fused=(-54.0,139.4) p=0 r=0 obs=inf(none) tl=green/999m wp=61/129 avd=- loc=(-54.0,139.5)
[19:47:44] [t=33.4s] spd=5.30 des=8.0 thr=0.57 brk=0.00 out_steer=-0.04 raw_steer=-0.04 alpha=-0.067 look=9.7 cte=0.65 err=0.03 yaw(gt)=7.8 yaw(F)=7.8 gyaw=7.8 gyro=-5.4°/s yaw_a=0.080 fused=(-51.4,139.8) p=0 r=0 obs=inf(none) tl=green/999m wp=62/129 avd=- loc=(-51.4,139.8)
[19:47:44] [t=34.0s] spd=5.13 des=8.0 thr=0.59 brk=0.00 out_steer=-0.03 raw_steer=-0.03 alpha=-0.052 look=9.1 cte=0.47 err=0.03 yaw(gt)=5.6 yaw(F)=5.6 gyaw=5.6 gyro=-4.7°/s yaw_a=0.080 fused=(-48.9,140.1) p=0 r=0 obs=inf(none) tl=green/999m wp=63/129 avd=- loc=(-48.9,140.1)
[19:47:45] [t=34.6s] spd=5.14 des=8.0 thr=0.59 brk=0.00 out_steer=-0.02 raw_steer=-0.02 alpha=-0.039 look=8.6 cte=0.33 err=0.02 yaw(gt)=3.8 yaw(F)=3.8 gyaw=3.8 gyro=-3.6°/s yaw_a=0.080 fused=(-46.3,140.2) p=0 r=0 obs=inf(none) tl=green/999m wp=65/129 avd=- loc=(-46.3,140.3)
[19:47:46] [t=35.2s] spd=5.19 des=8.0 thr=0.59 brk=0.00 out_steer=-0.02 raw_steer=-0.02 alpha=-0.030 look=10.0 cte=0.30 err=0.02 yaw(gt)=2.5 yaw(F)=2.5 gyaw=2.5 gyro=-2.8°/s yaw_a=0.080 fused=(-43.8,140.4) p=0 r=0 obs=49.5498087926738(vehicle) tl=green/999m wp=66/129 avd=- loc=(-43.8,140.4)
[19:47:46] [t=35.8s] spd=5.21 des=8.0 thr=0.58 brk=0.00 out_steer=-0.01 raw_steer=-0.01 alpha=-0.020 look=9.4 cte=0.19 err=0.01 yaw(gt)=1.6 yaw(F)=1.6 gyaw=1.6 gyro=-2.1°/s yaw_a=0.080 fused=(-41.2,140.4) p=0 r=0 obs=45.305141945247605(vehicle) tl=green/999m wp=67/129 avd=- loc=(-41.2,140.5)
[19:47:47] [t=36.5s] spd=5.21 des=8.0 thr=0.58 brk=0.00 out_steer=-0.01 raw_steer=-0.01 alpha=-0.013 look=10.0 cte=0.13 err=0.01 yaw(gt)=1.0 yaw(F)=1.0 gyaw=1.0 gyro=-1.5°/s yaw_a=0.080 fused=(-38.6,140.5) p=0 r=0 obs=41.712910025706314(vehicle) tl=green/999m wp=69/129 avd=- loc=(-38.6,140.5)
[19:47:48] [t=37.1s] spd=5.21 des=8.0 thr=0.59 brk=0.00 out_steer=-0.00 raw_steer=-0.00 alpha=-0.008 look=9.4 cte=0.08 err=0.01 yaw(gt)=0.6 yaw(F)=0.6 gyaw=0.6 gyro=-1.1°/s yaw_a=0.080 fused=(-36.0,140.5) p=0 r=0 obs=38.635834225477446(vehicle) tl=green/999m wp=70/129 avd=- loc=(-36.0,140.5)
[19:47:48] [t=37.8s] spd=5.20 des=8.0 thr=0.59 brk=0.00 out_steer=-0.00 raw_steer=-0.00 alpha=-0.006 look=8.9 cte=0.05 err=0.00 yaw(gt)=0.4 yaw(F)=0.4 gyaw=0.4 gyro=-0.8°/s yaw_a=0.080 fused=(-33.4,140.5) p=0 r=0 obs=35.96795646907675(vehicle) tl=green/999m wp=71/129 avd=- loc=(-33.4,140.5)
[19:47:49] [t=38.4s] spd=5.20 des=8.0 thr=0.59 brk=0.00 out_steer=-0.00 raw_steer=-0.00 alpha=-0.004 look=8.3 cte=0.03 err=0.00 yaw(gt)=0.3 yaw(F)=0.3 gyaw=0.3 gyro=-0.7°/s yaw_a=0.080 fused=(-30.8,140.6) p=0 r=0 obs=33.617414622092184(vehicle) tl=green/999m wp=72/129 avd=- loc=(-30.8,140.6)
[19:47:49] [t=39.0s] spd=5.20 des=8.0 thr=0.59 brk=0.00 out_steer=-0.00 raw_steer=-0.00 alpha=-0.002 look=9.7 cte=0.02 err=0.00 yaw(gt)=0.3 yaw(F)=0.3 gyaw=0.3 gyro=-0.6°/s yaw_a=0.080 fused=(-28.3,140.6) p=0 r=0 obs=29.766220619305177(vehicle) tl=green/999m wp=73/129 avd=- loc=(-28.3,140.6)
[19:47:50] [t=39.6s] spd=5.20 des=8.0 thr=0.59 brk=0.00 out_steer=-0.00 raw_steer=-0.00 alpha=-0.002 look=9.1 cte=0.02 err=0.00 yaw(gt)=0.3 yaw(F)=0.3 gyaw=0.3 gyro=-0.5°/s yaw_a=0.080 fused=(-25.7,140.6) p=0 r=-0 obs=25.391852578589045(vehicle) tl=green/999m wp=75/129 avd=- loc=(-25.7,140.6)
[19:47:51] [t=40.2s] spd=4.93 des=8.0 thr=0.00 brk=0.20 out_steer=-0.00 raw_steer=-0.00 alpha=-0.001 look=8.6 cte=0.01 err=0.00 yaw(gt)=0.3 yaw(F)=0.3 gyaw=0.3 gyro=-0.1°/s yaw_a=0.080 fused=(-23.2,140.6) p=0 r=-0 obs=23.039039012770417(vehicle) tl=green/999m wp=77/129 avd=- loc=(-23.2,140.6)
[19:47:51] [t=40.9s] spd=4.63 des=8.0 thr=0.00 brk=0.22 out_steer=-0.00 raw_steer=-0.00 alpha=-0.001 look=8.3 cte=0.00 err=0.00 yaw(gt)=0.3 yaw(F)=0.3 gyaw=0.3 gyro=-0.0°/s yaw_a=0.080 fused=(-20.9,140.6) p=0 r=0 obs=20.212022213614528(vehicle) tl=green/999m wp=78/129 avd=- loc=(-20.9,140.6)
[19:47:51] 前方 19m 本车道内有障碍，换道绕行右（偏移 3.5m）
[19:47:52] [t=41.5s] spd=4.53 des=8.0 thr=0.67 brk=0.00 out_steer=-0.14 raw_steer=-0.14 alpha=-0.253 look=8.7 cte=2.19 err=0.06 yaw(gt)=-6.8 yaw(F)=-6.8 gyaw=-6.8 gyro=-17.1°/s yaw_a=0.080 fused=(-18.7,140.3) p=0 r=0 obs=15.97276432866835(vehicle) tl=green/999m wp=79/129 avd=R(4, 2) loc=(-18.7,140.4)
[19:47:53] [t=42.1s] spd=5.06 des=8.0 thr=0.60 brk=0.00 out_steer=-0.03 raw_steer=-0.03 alpha=-0.046 look=10.1 cte=0.47 err=0.06 yaw(gt)=-12.4 yaw(F)=-12.4 gyaw=-12.4 gyro=-8.7°/s yaw_a=0.080 fused=(-16.3,139.8) p=0 r=0 obs=11.03263216267013(vehicle) tl=green/999m wp=80/129 avd=R(4, 2) loc=(-16.3,139.9)
[19:47:53] [t=42.7s] spd=5.07 des=8.0 thr=0.60 brk=0.00 out_steer=0.01 raw_steer=0.01 alpha=+0.024 look=9.5 cte=-0.23 err=0.03 yaw(gt)=-13.7 yaw(F)=-13.7 gyaw=-13.7 gyro=1.4°/s yaw_a=0.080 fused=(-13.9,139.2) p=0 r=-0 obs=7.3796210107629365(vehicle) tl=green/999m wp=81/129 avd=R(4, 2) loc=(-13.9,139.2)
[19:47:54] [t=43.3s] spd=5.12 des=8.0 thr=0.60 brk=0.00 out_steer=0.03 raw_steer=0.03 alpha=+0.050 look=8.9 cte=-0.45 err=0.00 yaw(gt)=-12.4 yaw(F)=-12.4 gyaw=-12.4 gyro=3.6°/s yaw_a=0.080 fused=(-11.4,138.7) p=0 r=-0 obs=9.726289102093315(vehicle) tl=green/999m wp=83/129 avd=R(4, 2) loc=(-11.4,138.7)
[19:47:54] [t=43.9s] spd=5.09 des=8.0 thr=0.60 brk=0.00 out_steer=0.04 raw_steer=0.04 alpha=+0.062 look=8.7 cte=-0.54 err=0.01 yaw(gt)=-10.2 yaw(F)=-10.2 gyaw=-10.2 gyro=6.0°/s yaw_a=0.080 fused=(-8.8,138.2) p=0 r=-0 obs=7.43337813021993(vehicle) tl=green/999m wp=84/129 avd=R(4, 2) loc=(-8.8,138.2)
[19:47:55] [t=44.5s] spd=5.21 des=8.0 thr=0.58 brk=0.00 out_steer=0.03 raw_steer=0.03 alpha=+0.057 look=8.1 cte=-0.46 err=0.02 yaw(gt)=-7.8 yaw(F)=-7.8 gyaw=-7.8 gyro=4.3°/s yaw_a=0.080 fused=(-6.3,137.9) p=0 r=-0 obs=5.219761712098625(vehicle) tl=green/999m wp=85/129 avd=R(4, 2) loc=(-6.3,137.8)
[19:47:55] 绕行完成，回正车道
[19:47:55] 前方 6m 本车道内有障碍，换道绕行左（偏移 3.5m）
[19:47:56] [t=45.1s] spd=5.09 des=8.0 thr=0.60 brk=0.00 out_steer=0.33 raw_steer=0.33 alpha=+0.637 look=9.8 cte=-5.83 err=0.11 yaw(gt)=3.5 yaw(F)=3.5 gyaw=3.5 gyro=40.4°/s yaw_a=0.080 fused=(-3.8,137.9) p=0 r=-1 obs=3.9618472248847367(vehicle) tl=green/999m wp=86/129 avd=L(8, -2) loc=(-3.8,137.8)
[19:47:56] [t=45.7s] spd=5.20 des=8.0 thr=0.59 brk=0.00 out_steer=0.13 raw_steer=0.13 alpha=+0.228 look=10.6 cte=-2.40 err=0.14 yaw(gt)=18.5 yaw(F)=18.5 gyaw=18.5 gyro=19.8°/s yaw_a=0.080 fused=(-1.4,138.7) p=0 r=-0 obs=3.5214934711238173(vehicle) tl=green/999m wp=87/129 avd=L(8, -2) loc=(-1.4,138.6)
[19:47:57] [t=46.3s] spd=5.10 des=8.0 thr=0.60 brk=0.00 out_steer=0.03 raw_steer=0.03 alpha=+0.052 look=9.8 cte=-0.51 err=0.10 yaw(gt)=24.8 yaw(F)=24.8 gyaw=24.8 gyro=5.4°/s yaw_a=0.080 fused=(0.9,139.8) p=0 r=-0 obs=2.1393745611431667(vehicle) tl=green/999m wp=90/129 avd=L(8, -2) loc=(1.0,139.7)
[19:47:57] [t=46.9s] spd=5.11 des=8.0 thr=0.60 brk=0.00 out_steer=-0.02 raw_steer=-0.02 alpha=-0.034 look=9.1 cte=0.31 err=0.04 yaw(gt)=25.1 yaw(F)=25.1 gyaw=25.1 gyro=-3.2°/s yaw_a=0.080 fused=(3.3,140.8) p=0 r=0 obs=4.823356482159845(vehicle) tl=green/999m wp=91/129 avd=L(8, -2) loc=(3.3,140.8)
[19:47:58] [t=47.5s] spd=5.09 des=8.0 thr=0.60 brk=0.00 out_steer=-0.04 raw_steer=-0.04 alpha=-0.072 look=8.5 cte=0.61 err=0.00 yaw(gt)=22.4 yaw(F)=22.4 gyaw=22.4 gyro=-6.4°/s yaw_a=0.080 fused=(5.6,141.7) p=0 r=0 obs=2.370445199453749(vehicle) tl=green/999m wp=92/129 avd=L(8, -2) loc=(5.6,141.7)
[19:47:59] [t=48.2s] spd=0.06 des=8.0 thr=1.00 brk=0.00 out_steer=-0.09 raw_steer=-0.09 alpha=-0.152 look=9.6 cte=1.46 err=0.15 yaw(gt)=23.9 yaw(F)=23.9 gyaw=23.9 gyro=2.4°/s yaw_a=0.080 fused=(6.4,141.9) p=2 r=-1 obs=2.362559745012785(vehicle) tl=green/999m wp=92/129 avd=L(8, -2) loc=(6.6,142.0)
[19:47:59] [t=48.7s] spd=0.07 des=8.0 thr=1.00 brk=0.00 out_steer=-0.10 raw_steer=-0.10 alpha=-0.174 look=9.5 cte=1.65 err=0.07 yaw(gt)=25.2 yaw(F)=25.2 gyaw=25.2 gyro=2.8°/s yaw_a=0.080 fused=(6.5,141.9) p=2 r=-1 obs=2.371557300192857(vehicle) tl=green/999m wp=92/129 avd=L(8, -2) loc=(6.6,141.9)
[19:48:00] [t=49.4s] spd=0.07 des=8.0 thr=1.00 brk=0.00 out_steer=-0.11 raw_steer=-0.11 alpha=-0.196 look=9.5 cte=1.84 err=0.03 yaw(gt)=26.6 yaw(F)=26.6 gyaw=26.6 gyro=2.8°/s yaw_a=0.080 fused=(6.6,141.9) p=2 r=-0 obs=2.380321055119752(vehicle) tl=green/999m wp=92/129 avd=L(8, -2) loc=(6.6,141.9)
[19:48:00] [t=50.0s] spd=0.02 des=8.0 thr=1.00 brk=0.00 out_steer=-0.12 raw_steer=-0.12 alpha=-0.215 look=9.4 cte=2.01 err=0.02 yaw(gt)=27.9 yaw(F)=27.9 gyaw=27.9 gyro=1.3°/s yaw_a=0.080 fused=(6.6,141.9) p=2 r=-0 obs=2.3898891817436727(vehicle) tl=green/999m wp=92/129 avd=L(8, -2) loc=(6.7,141.9)
[19:48:01] [t=50.6s] spd=0.05 des=8.0 thr=1.00 brk=0.00 out_steer=-0.13 raw_steer=-0.13 alpha=-0.223 look=9.4 cte=2.08 err=0.01 yaw(gt)=28.5 yaw(F)=28.5 gyaw=28.5 gyro=1.4°/s yaw_a=0.080 fused=(6.7,141.9) p=1 r=-0 obs=2.3940394493983823(vehicle) tl=green/999m wp=92/129 avd=L(8, -2) loc=(6.7,141.9)
[19:48:02] [t=51.2s] spd=0.06 des=8.0 thr=1.00 brk=0.00 out_steer=-0.13 raw_steer=-0.13 alpha=-0.235 look=9.4 cte=2.19 err=0.01 yaw(gt)=29.4 yaw(F)=29.4 gyaw=29.4 gyro=1.8°/s yaw_a=0.080 fused=(6.7,141.9) p=1 r=-0 obs=2.3991363865937547(vehicle) tl=green/999m wp=92/129 avd=L(8, -2) loc=(6.7,141.8)
[19:48:02] [t=51.8s] spd=0.06 des=8.0 thr=1.00 brk=0.00 out_steer=-0.14 raw_steer=-0.14 alpha=-0.248 look=9.4 cte=2.30 err=0.01 yaw(gt)=30.2 yaw(F)=30.2 gyaw=30.2 gyro=1.8°/s yaw_a=0.080 fused=(6.7,141.8) p=1 r=-0 obs=2.4041302479902056(vehicle) tl=green/999m wp=92/129 avd=L(8, -2) loc=(6.7,141.8)
[19:48:03] [t=52.4s] spd=0.06 des=8.0 thr=1.00 brk=0.00 out_steer=-0.15 raw_steer=-0.15 alpha=-0.260 look=9.4 cte=2.41 err=0.01 yaw(gt)=31.1 yaw(F)=31.1 gyaw=31.1 gyro=1.8°/s yaw_a=0.080 fused=(6.7,141.8) p=1 r=-0 obs=2.409983713447544(vehicle) tl=green/999m wp=93/129 avd=L(8, -2) loc=(6.7,141.8)
[19:48:03] [t=53.0s] spd=0.06 des=8.0 thr=1.00 brk=0.00 out_steer=-0.16 raw_steer=-0.16 alpha=-0.272 look=9.4 cte=2.52 err=0.01 yaw(gt)=31.9 yaw(F)=31.9 gyaw=31.9 gyro=1.8°/s yaw_a=0.080 fused=(6.7,141.8) p=1 r=-0 obs=2.4156817961877115(vehicle) tl=green/999m wp=93/129 avd=L(8, -2) loc=(6.7,141.8)
[19:48:04] [t=53.6s] spd=0.06 des=8.0 thr=1.00 brk=0.00 out_steer=-0.16 raw_steer=-0.16 alpha=-0.285 look=9.4 cte=2.63 err=0.01 yaw(gt)=32.8 yaw(F)=32.8 gyaw=32.8 gyro=1.9°/s yaw_a=0.080 fused=(6.8,141.8) p=1 r=-0 obs=2.421220773200372(vehicle) tl=green/999m wp=93/129 avd=L(8, -2) loc=(6.8,141.8)
[19:48:05] [t=54.2s] spd=0.06 des=8.0 thr=1.00 brk=0.00 out_steer=-0.17 raw_steer=-0.17 alpha=-0.298 look=9.3 cte=2.74 err=0.01 yaw(gt)=33.7 yaw(F)=33.7 gyaw=33.7 gyro=1.9°/s yaw_a=0.080 fused=(6.8,141.8) p=1 r=-0 obs=2.4265969788669945(vehicle) tl=green/999m wp=93/129 avd=L(8, -2) loc=(6.8,141.8)
[19:48:05] [t=54.8s] spd=0.06 des=8.0 thr=1.00 brk=0.00 out_steer=-0.18 raw_steer=-0.18 alpha=-0.310 look=9.3 cte=2.85 err=0.01 yaw(gt)=34.5 yaw(F)=34.5 gyaw=34.5 gyro=1.9°/s yaw_a=0.080 fused=(6.8,141.7) p=1 r=-0 obs=2.431806811029852(vehicle) tl=green/999m wp=93/129 avd=L(8, -2) loc=(6.8,141.7)
[19:48:06] [t=55.4s] spd=0.06 des=8.0 thr=1.00 brk=0.00 out_steer=-0.18 raw_steer=-0.18 alpha=-0.323 look=9.3 cte=2.96 err=0.01 yaw(gt)=35.4 yaw(F)=35.4 gyaw=35.4 gyro=1.9°/s yaw_a=0.080 fused=(6.8,141.7) p=1 r=-0 obs=2.4368467370809035(vehicle) tl=green/999m wp=93/129 avd=L(8, -2) loc=(6.8,141.7)
[19:48:07] 实验10结束 · 到达=False · 用时=56s · 里程=189m · 平均定位误差=0.04m · 平均|CTE|=1.93m · 碰撞事故=9次 · 感知闭环=开
[19:48:07] 碰撞明细: {'静态物体': 9} · 最大冲击=6206.2
=== CARLA relay 模块加载 === pid=26268
[21:05:39] 实验4 (LiDAR 障碍物检测) 启动
[21:05:39] 正在配置仿真环境（同步模式 + 交通管理）…
=== CARLA relay 模块加载 === pid=14224
=== CARLA relay 模块加载 === pid=35376
[09:36:45] 实验10 (闭环自动驾驶) 启动
[09:36:45] 正在确定起终点并配置仿真环境…
[09:36:45] 本次参数: gnssσ=0.20 insσ=0.05 alpha=0.080 target=8.0m/s lookahead=8.0m kp=1.40
[09:36:45] 感知闭环: 关（世界真值）
[09:36:45] 起终点: (-89.1, -64.3) → (-88.0, 132.7), 直线 197.0 m
[09:36:45] 正在生成主车…
[09:36:45] 正在挂载传感器（相机 ×4 / LiDAR / GNSS / IMU）…
[09:36:45] 车辆+传感器就绪: vid=25 cam=26 inst=27 lidar=30 gnss=31 imu=32 collision=33
[09:36:45] 正在清理上次实验残留…
[09:36:45] 正在规划全局路线（构建路网拓扑，可能需要数秒）…
[09:36:45] 路线规划完成: 103 waypoints
[09:36:45] 障碍物原位生成受阻，已沿路线偏移 +1.5m 生成
[09:36:45] 障碍物原位生成受阻，已沿路线偏移 +1.5m 生成
[09:36:45] 障碍物原位生成受阻，已沿路线偏移 +3.0m 生成
[09:36:45] 已自动生成 3/3 个路线障碍物
[09:36:45] 稳定预热中…
[09:36:46] [t=0.5s] spd=0.00 des=8.0 thr=1.00 brk=0.00 out_steer=-0.07 raw_steer=-0.07 alpha=-0.122 look=9.0 cte=1.10 err=0.14 yaw(gt)=152.9 yaw(F)=152.7 gyaw=152.6 gyro=-2.2°/s yaw_a=0.080 fused=(-89.1,-64.5) p=0 r=-0 obs=inf(none) tl=green/999m wp=0/103 avd=- loc=(-89.1,-64.3)
[09:36:47] [t=1.0s] spd=2.36 des=8.0 thr=0.93 brk=0.00 out_steer=-0.06 raw_steer=-0.06 alpha=-0.096 look=8.5 cte=0.82 err=0.11 yaw(gt)=152.0 yaw(F)=151.6 gyaw=151.5 gyro=-3.8°/s yaw_a=0.080 fused=(-89.5,-64.2) p=1 r=0 obs=inf(none) tl=green/999m wp=0/103 avd=- loc=(-89.5,-64.1)
[09:36:47] [t=1.5s] spd=3.88 des=8.0 thr=0.74 brk=0.00 out_steer=-0.06 raw_steer=-0.06 alpha=-0.110 look=9.4 cte=1.03 err=0.27 yaw(gt)=149.2 yaw(F)=149.3 gyaw=150.6 gyro=-3.3°/s yaw_a=0.080 fused=(-90.8,-63.5) p=0 r=0 obs=inf(none) tl=green/999m wp=1/103 avd=- loc=(-90.9,-63.3)
[09:36:48] [t=1.9s] spd=4.79 des=8.0 thr=0.64 brk=0.00 out_steer=-0.05 raw_steer=-0.05 alpha=-0.078 look=9.2 cte=0.72 err=0.06 yaw(gt)=146.1 yaw(F)=145.9 gyaw=145.9 gyro=-7.8°/s yaw_a=0.080 fused=(-92.7,-62.0) p=0 r=0 obs=inf(none) tl=green/999m wp=2/103 avd=- loc=(-92.7,-62.0)
[09:36:48] [t=2.4s] spd=5.09 des=8.0 thr=0.60 brk=0.00 out_steer=-0.06 raw_steer=-0.06 alpha=-0.096 look=8.9 cte=0.85 err=0.18 yaw(gt)=143.5 yaw(F)=143.6 gyaw=145.4 gyro=-4.0°/s yaw_a=0.080 fused=(-94.8,-60.4) p=0 r=0 obs=inf(none) tl=green/999m wp=3/103 avd=- loc=(-94.7,-60.6)
[09:36:49] [t=2.8s] spd=5.06 des=8.0 thr=0.60 brk=0.00 out_steer=-0.04 raw_steer=-0.04 alpha=-0.061 look=8.6 cte=0.52 err=0.26 yaw(gt)=139.9 yaw(F)=140.0 gyaw=140.1 gyro=-4.5°/s yaw_a=0.080 fused=(-96.6,-58.7) p=0 r=0 obs=inf(none) tl=green/999m wp=4/103 avd=- loc=(-96.7,-58.9)
[09:36:49] [t=3.3s] spd=5.19 des=8.0 thr=0.59 brk=0.00 out_steer=-0.04 raw_steer=-0.04 alpha=-0.072 look=8.3 cte=0.60 err=0.10 yaw(gt)=136.7 yaw(F)=136.8 gyaw=135.9 gyro=-7.1°/s yaw_a=0.080 fused=(-98.5,-57.1) p=0 r=0 obs=inf(none) tl=green/999m wp=5/103 avd=- loc=(-98.6,-57.2)
[09:36:49] [t=3.7s] spd=5.19 des=8.0 thr=0.59 brk=0.00 out_steer=-0.01 raw_steer=-0.01 alpha=-0.020 look=8.1 cte=0.16 err=0.49 yaw(gt)=134.0 yaw(F)=133.6 gyaw=132.5 gyro=-4.4°/s yaw_a=0.080 fused=(-99.9,-55.2) p=0 r=0 obs=inf(none) tl=green/999m wp=6/103 avd=- loc=(-100.3,-55.4)
[09:36:50] [t=4.2s] spd=5.05 des=8.0 thr=0.60 brk=0.00 out_steer=-0.05 raw_steer=-0.05 alpha=-0.092 look=10.0 cte=0.92 err=0.34 yaw(gt)=131.8 yaw(F)=131.2 gyaw=131.5 gyro=-2.8°/s yaw_a=0.080 fused=(-101.7,-53.4) p=0 r=0 obs=inf(none) tl=green/999m wp=7/103 avd=- loc=(-102.1,-53.5)
[09:36:50] [t=4.6s] spd=5.05 des=8.0 thr=0.60 brk=0.00 out_steer=-0.06 raw_steer=-0.06 alpha=-0.110 look=10.0 cte=1.10 err=0.41 yaw(gt)=128.2 yaw(F)=128.2 gyaw=130.1 gyro=-6.0°/s yaw_a=0.080 fused=(-103.4,-51.8) p=0 r=0 obs=inf(none) tl=green/999m wp=9/103 avd=- loc=(-103.7,-51.5)
[09:36:51] [t=5.1s] spd=5.11 des=8.0 thr=0.60 brk=0.00 out_steer=-0.06 raw_steer=-0.06 alpha=-0.101 look=9.4 cte=0.94 err=0.15 yaw(gt)=124.4 yaw(F)=124.6 gyaw=125.1 gyro=-6.8°/s yaw_a=0.080 fused=(-105.0,-49.5) p=0 r=0 obs=inf(none) tl=green/999m wp=10/103 avd=- loc=(-105.1,-49.4)
[09:36:51] [t=5.6s] spd=5.13 des=8.0 thr=0.59 brk=0.00 out_steer=-0.06 raw_steer=-0.06 alpha=-0.096 look=8.9 cte=0.85 err=0.12 yaw(gt)=120.4 yaw(F)=120.7 gyaw=120.5 gyro=-6.9°/s yaw_a=0.080 fused=(-106.6,-47.2) p=0 r=0 obs=inf(none) tl=green/999m wp=11/103 avd=- loc=(-106.5,-47.2)
[09:36:52] [t=6.0s] spd=5.14 des=8.0 thr=0.59 brk=0.00 out_steer=-0.04 raw_steer=-0.04 alpha=-0.062 look=8.7 cte=0.54 err=0.19 yaw(gt)=117.8 yaw(F)=117.6 gyaw=118.2 gyro=-5.0°/s yaw_a=0.080 fused=(-107.5,-45.0) p=0 r=0 obs=inf(none) tl=green/999m wp=12/103 avd=- loc=(-107.7,-44.9)
[09:36:52] [t=6.5s] spd=5.13 des=8.0 thr=0.59 brk=0.00 out_steer=-0.04 raw_steer=-0.04 alpha=-0.064 look=8.1 cte=0.52 err=0.11 yaw(gt)=115.1 yaw(F)=115.2 gyaw=114.2 gyro=-3.9°/s yaw_a=0.080 fused=(-108.7,-42.5) p=0 r=0 obs=inf(none) tl=green/999m wp=13/103 avd=- loc=(-108.8,-42.6)
[09:36:53] [t=6.9s] spd=5.13 des=8.0 thr=0.59 brk=0.00 out_steer=-0.05 raw_steer=-0.05 alpha=-0.083 look=10.0 cte=0.83 err=0.12 yaw(gt)=112.0 yaw(F)=112.3 gyaw=113.6 gyro=-5.3°/s yaw_a=0.080 fused=(-109.7,-40.1) p=0 r=0 obs=inf(none) tl=green/999m wp=14/103 avd=- loc=(-109.8,-40.2)
[09:36:53] [t=7.4s] spd=5.13 des=8.0 thr=0.59 brk=0.00 out_steer=-0.05 raw_steer=-0.05 alpha=-0.080 look=9.6 cte=0.77 err=0.07 yaw(gt)=109.4 yaw(F)=109.3 gyaw=108.3 gyro=-4.4°/s yaw_a=0.080 fused=(-110.6,-37.7) p=0 r=0 obs=inf(none) tl=green/999m wp=16/103 avd=- loc=(-110.7,-37.7)
[09:36:54] [t=7.9s] spd=5.13 des=8.0 thr=0.59 brk=0.00 out_steer=-0.05 raw_steer=-0.05 alpha=-0.079 look=9.2 cte=0.73 err=0.12 yaw(gt)=106.5 yaw(F)=106.7 gyaw=107.5 gyro=-3.2°/s yaw_a=0.080 fused=(-111.3,-35.2) p=0 r=0 obs=46.28770111375479(vehicle.gazelle.omafiets) tl=green/999m wp=17/103 avd=- loc=(-111.4,-35.3)
[09:36:54] [t=8.4s] spd=5.13 des=8.0 thr=0.59 brk=0.00 out_steer=-0.05 raw_steer=-0.05 alpha=-0.078 look=8.9 cte=0.70 err=0.00 yaw(gt)=103.5 yaw(F)=103.5 gyaw=104.4 gyro=-7.8°/s yaw_a=0.080 fused=(-112.0,-32.8) p=0 r=0 obs=44.32033342169689(vehicle.gazelle.omafiets) tl=green/999m wp=18/103 avd=- loc=(-112.0,-32.8)
[09:36:55] [t=8.9s] spd=5.13 des=8.0 thr=0.59 brk=0.00 out_steer=-0.06 raw_steer=-0.06 alpha=-0.098 look=8.7 cte=0.86 err=0.36 yaw(gt)=99.8 yaw(F)=100.4 gyaw=99.9 gyro=-4.7°/s yaw_a=0.080 fused=(-112.8,-30.5) p=0 r=0 obs=42.3971379378014(vehicle.gazelle.omafiets) tl=green/999m wp=19/103 avd=- loc=(-112.5,-30.2)
[09:36:55] [t=9.3s] spd=5.13 des=8.0 thr=0.59 brk=0.00 out_steer=-0.03 raw_steer=-0.03 alpha=-0.057 look=9.8 cte=0.56 err=0.21 yaw(gt)=96.4 yaw(F)=96.6 gyaw=95.3 gyro=-2.9°/s yaw_a=0.080 fused=(-113.0,-27.5) p=0 r=0 obs=39.77002348419819(vehicle.gazelle.omafiets) tl=green/999m wp=20/103 avd=- loc=(-112.8,-27.7)
[09:36:55] [t=9.8s] spd=5.13 des=8.0 thr=0.59 brk=0.00 out_steer=-0.01 raw_steer=-0.01 alpha=-0.021 look=9.4 cte=0.20 err=0.17 yaw(gt)=95.2 yaw(F)=95.5 gyaw=96.0 gyro=0.1°/s yaw_a=0.080 fused=(-112.9,-25.1) p=0 r=0 obs=37.43777570136314(vehicle.gazelle.omafiets) tl=green/999m wp=21/103 avd=- loc=(-113.0,-25.1)
[09:36:56] [t=10.2s] spd=5.13 des=8.0 thr=0.59 brk=0.00 out_steer=-0.01 raw_steer=-0.01 alpha=-0.015 look=8.6 cte=0.13 err=0.23 yaw(gt)=94.3 yaw(F)=94.6 gyaw=94.7 gyro=0.0°/s yaw_a=0.080 fused=(-113.0,-22.4) p=0 r=0 obs=34.72956896391838(vehicle.gazelle.omafiets) tl=red/28m wp=23/103 avd=- loc=(-113.2,-22.5)
[09:36:56] [t=10.7s] spd=5.13 des=8.0 thr=0.59 brk=0.00 out_steer=-0.01 raw_steer=-0.01 alpha=-0.024 look=9.9 cte=0.24 err=0.27 yaw(gt)=93.4 yaw(F)=93.5 gyaw=94.0 gyro=0.6°/s yaw_a=0.080 fused=(-113.3,-19.7) p=0 r=0 obs=32.04976676099301(vehicle.gazelle.omafiets) tl=red/25m wp=24/103 avd=- loc=(-113.4,-19.9)
[09:36:57] [t=11.1s] spd=5.13 des=8.0 thr=0.59 brk=0.00 out_steer=-0.03 raw_steer=-0.03 alpha=-0.046 look=9.5 cte=0.44 err=0.18 yaw(gt)=92.7 yaw(F)=92.7 gyaw=92.1 gyro=-1.2°/s yaw_a=0.080 fused=(-113.6,-17.2) p=0 r=0 obs=29.583064692243056(vehicle.gazelle.omafiets) tl=red/23m wp=25/103 avd=- loc=(-113.5,-17.4)
[09:36:57] [t=11.6s] spd=4.90 des=8.0 thr=0.62 brk=0.00 out_steer=-0.00 raw_steer=-0.00 alpha=-0.006 look=9.1 cte=0.06 err=0.08 yaw(gt)=91.1 yaw(F)=91.5 gyaw=90.5 gyro=-1.2°/s yaw_a=0.080 fused=(-113.5,-14.9) p=-0 r=0 obs=27.240643261949685(vehicle.gazelle.omafiets) tl=green/999m wp=26/103 avd=- loc=(-113.6,-14.8)
[09:36:58] [t=12.1s] spd=4.55 des=8.0 thr=0.00 brk=0.20 out_steer=-0.00 raw_steer=-0.00 alpha=-0.000 look=10.2 cte=0.00 err=0.09 yaw(gt)=91.0 yaw(F)=91.1 gyaw=90.6 gyro=0.9°/s yaw_a=0.080 fused=(-113.5,-12.5) p=0 r=-0 obs=24.890577436827243(vehicle.gazelle.omafiets) tl=green/999m wp=28/103 avd=- loc=(-113.6,-12.5)
[09:36:58] [t=12.5s] spd=4.18 des=8.0 thr=0.00 brk=0.20 out_steer=0.01 raw_steer=0.01 alpha=+0.009 look=8.0 cte=-0.07 err=0.22 yaw(gt)=91.2 yaw(F)=91.4 gyaw=91.2 gyro=2.4°/s yaw_a=0.080 fused=(-113.4,-10.3) p=0 r=-0 obs=22.70192698060282(vehicle.gazelle.omafiets) tl=green/999m wp=29/103 avd=- loc=(-113.6,-10.4)
[09:36:59] [t=13.0s] spd=3.69 des=8.0 thr=0.77 brk=0.00 out_steer=0.01 raw_steer=0.01 alpha=+0.024 look=8.1 cte=-0.19 err=0.38 yaw(gt)=91.5 yaw(F)=91.5 gyaw=91.3 gyro=-0.9°/s yaw_a=0.080 fused=(-113.3,-8.4) p=0 r=-0 obs=20.761981993702648(vehicle.gazelle.omafiets) tl=green/999m wp=30/103 avd=- loc=(-113.7,-8.5)
[09:36:59] 前方 20m 本车道内有障碍，换道绕行右（偏移 3.5m）
[09:36:59] [t=13.4s] spd=3.32 des=8.0 thr=0.81 brk=0.00 out_steer=-0.21 raw_steer=-0.21 alpha=-0.375 look=9.2 cte=3.37 err=0.23 yaw(gt)=88.3 yaw(F)=88.2 gyaw=88.7 gyro=-17.6°/s yaw_a=0.080 fused=(-113.9,-6.7) p=-0 r=1 obs=19.105018336151034(vehicle.gazelle.omafiets) tl=green/999m wp=31/103 avd=R(735, 2) loc=(-113.7,-6.7)
[09:37:00] [t=13.9s] spd=4.44 des=8.0 thr=0.68 brk=0.00 out_steer=-0.11 raw_steer=-0.11 alpha=-0.187 look=9.1 cte=1.70 err=0.06 yaw(gt)=80.8 yaw(F)=81.1 gyaw=81.3 gyro=-11.0°/s yaw_a=0.080 fused=(-113.4,-4.9) p=0 r=0 obs=16.947242701524374(vehicle.gazelle.omafiets) tl=green/999m wp=31/103 avd=R(735, 2) loc=(-113.3,-4.8)
[09:37:00] [t=14.4s] spd=5.04 des=8.0 thr=0.60 brk=0.00 out_steer=-0.03 raw_steer=-0.03 alpha=-0.049 look=8.5 cte=0.42 err=0.21 yaw(gt)=77.2 yaw(F)=77.4 gyaw=77.4 gyro=-3.5°/s yaw_a=0.080 fused=(-112.6,-2.5) p=0 r=0 obs=14.225891159728178(vehicle.gazelle.omafiets) tl=green/999m wp=32/103 avd=R(735, 2) loc=(-112.8,-2.5)
[09:37:01] [t=14.8s] spd=5.09 des=8.0 thr=0.60 brk=0.00 out_steer=0.02 raw_steer=0.02 alpha=+0.035 look=9.9 cte=-0.35 err=0.11 yaw(gt)=77.5 yaw(F)=77.8 gyaw=78.4 gyro=-0.4°/s yaw_a=0.080 fused=(-112.1,-0.0) p=0 r=-0 obs=11.73431867144069(vehicle.gazelle.omafiets) tl=green/999m wp=34/103 avd=R(735, 2) loc=(-112.2,-0.0)
[09:37:01] [t=15.3s] spd=5.10 des=8.0 thr=0.60 brk=0.00 out_steer=0.04 raw_steer=0.04 alpha=+0.077 look=9.4 cte=-0.72 err=0.16 yaw(gt)=78.5 yaw(F)=78.2 gyaw=76.9 gyro=1.4°/s yaw_a=0.080 fused=(-111.6,2.4) p=0 r=-0 obs=9.337651466644616(vehicle.gazelle.omafiets) tl=green/999m wp=35/103 avd=R(735, 2) loc=(-111.7,2.5)
[09:37:01] [t=15.8s] spd=5.05 des=8.0 thr=0.60 brk=0.00 out_steer=0.04 raw_steer=0.04 alpha=+0.062 look=8.8 cte=-0.54 err=0.09 yaw(gt)=80.9 yaw(F)=81.0 gyaw=80.9 gyro=6.8°/s yaw_a=0.080 fused=(-111.2,4.9) p=0 r=-0 obs=6.92913544053377(vehicle.gazelle.omafiets) tl=green/999m wp=37/103 avd=R(735, 2) loc=(-111.3,5.0)
[09:37:02] [t=16.2s] spd=5.11 des=8.0 thr=0.60 brk=0.00 out_steer=0.04 raw_steer=0.04 alpha=+0.071 look=8.0 cte=-0.56 err=0.20 yaw(gt)=82.6 yaw(F)=82.7 gyaw=83.3 gyro=2.8°/s yaw_a=0.080 fused=(-110.9,7.8) p=0 r=-0 obs=4.183995071430701(vehicle.gazelle.omafiets) tl=green/999m wp=38/103 avd=R(735, 2) loc=(-110.9,7.6)
[09:37:02] [t=16.7s] spd=5.04 des=8.0 thr=0.61 brk=0.00 out_steer=0.03 raw_steer=0.03 alpha=+0.056 look=7.5 cte=-0.42 err=0.14 yaw(gt)=85.4 yaw(F)=85.3 gyaw=84.9 gyro=2.9°/s yaw_a=0.080 fused=(-110.6,10.2) p=0 r=-0 obs=1.8792072580687318(vehicle.gazelle.omafiets) tl=green/999m wp=39/103 avd=R(735, 2) loc=(-110.7,10.1)
[09:37:03] [t=17.2s] spd=5.08 des=8.0 thr=0.60 brk=0.00 out_steer=0.03 raw_steer=0.03 alpha=+0.043 look=8.9 cte=-0.38 err=0.14 yaw(gt)=86.9 yaw(F)=87.1 gyaw=87.1 gyro=3.2°/s yaw_a=0.080 fused=(-110.6,12.8) p=0 r=-0 obs=47.85223516361552(vehicle.yamaha.yzf) tl=green/999m wp=41/103 avd=R(735, 2) loc=(-110.6,12.6)
[09:37:03] 绕行完成，回正车道
[09:37:03] [t=17.6s] spd=5.07 des=8.0 thr=0.60 brk=0.00 out_steer=0.15 raw_steer=0.15 alpha=+0.256 look=9.0 cte=-2.28 err=0.23 yaw(gt)=95.5 yaw(F)=95.3 gyaw=96.2 gyro=18.8°/s yaw_a=0.080 fused=(-110.9,15.2) p=0 r=-1 obs=45.85025062979639(vehicle.yamaha.yzf) tl=green/999m wp=42/103 avd=- loc=(-110.7,15.2)
[09:37:04] [t=18.1s] spd=5.13 des=8.0 thr=0.59 brk=0.00 out_steer=0.04 raw_steer=0.04 alpha=+0.071 look=8.2 cte=-0.59 err=0.52 yaw(gt)=102.2 yaw(F)=102.1 gyaw=103.3 gyro=5.4°/s yaw_a=0.080 fused=(-111.7,17.7) p=0 r=-0 obs=42.77019798016374(vehicle.yamaha.yzf) tl=green/999m wp=43/103 avd=- loc=(-111.2,17.7)
[09:37:04] [t=18.6s] spd=5.15 des=8.0 thr=0.59 brk=0.00 out_steer=-0.00 raw_steer=-0.00 alpha=-0.005 look=9.7 cte=0.05 err=0.15 yaw(gt)=103.0 yaw(F)=102.9 gyaw=102.9 gyro=-0.7°/s yaw_a=0.080 fused=(-112.0,20.2) p=0 r=-0 obs=40.20459882524153(vehicle.yamaha.yzf) tl=green/999m wp=44/103 avd=- loc=(-111.8,20.2)
[09:37:05] [t=19.1s] spd=5.14 des=8.0 thr=0.59 brk=0.00 out_steer=-0.01 raw_steer=-0.01 alpha=-0.024 look=9.5 cte=0.23 err=0.39 yaw(gt)=103.1 yaw(F)=103.0 gyaw=102.7 gyro=-0.5°/s yaw_a=0.080 fused=(-112.2,22.4) p=0 r=0 obs=38.013434973420544(vehicle.yamaha.yzf) tl=green/999m wp=45/103 avd=- loc=(-112.4,22.7)
[09:37:05] [t=19.5s] spd=5.13 des=8.0 thr=0.59 brk=0.00 out_steer=-0.03 raw_steer=-0.03 alpha=-0.049 look=8.7 cte=0.43 err=0.22 yaw(gt)=101.4 yaw(F)=101.3 gyaw=101.9 gyro=-5.4°/s yaw_a=0.080 fused=(-112.8,25.1) p=0 r=0 obs=35.4565994440635(vehicle.yamaha.yzf) tl=green/999m wp=47/103 avd=- loc=(-112.9,25.3)
[09:37:06] [t=20.0s] spd=5.13 des=8.0 thr=0.59 brk=0.00 out_steer=-0.04 raw_steer=-0.04 alpha=-0.065 look=8.2 cte=0.53 err=0.27 yaw(gt)=98.8 yaw(F)=99.2 gyaw=99.4 gyro=-4.2°/s yaw_a=0.080 fused=(-113.4,27.5) p=0 r=0 obs=33.14080881023472(vehicle.yamaha.yzf) tl=green/999m wp=48/103 avd=- loc=(-113.4,27.8)
[09:37:06] [t=20.4s] spd=5.13 des=8.0 thr=0.59 brk=0.00 out_steer=-0.03 raw_steer=-0.03 alpha=-0.049 look=9.5 cte=0.46 err=0.18 yaw(gt)=95.7 yaw(F)=96.3 gyaw=95.7 gyro=-2.1°/s yaw_a=0.080 fused=(-113.6,30.2) p=0 r=0 obs=30.648216431507535(vehicle.yamaha.yzf) tl=green/999m wp=49/103 avd=- loc=(-113.6,30.4)
[09:37:07] [t=20.8s] spd=5.01 des=8.0 thr=0.61 brk=0.00 out_steer=-0.00 raw_steer=-0.00 alpha=-0.002 look=9.1 cte=0.02 err=0.47 yaw(gt)=94.3 yaw(F)=94.7 gyaw=93.1 gyro=-0.8°/s yaw_a=0.080 fused=(-113.5,32.6) p=0 r=0 obs=28.26358333685721(vehicle.yamaha.yzf) tl=green/999m wp=50/103 avd=- loc=(-113.8,32.9)
[09:37:07] [t=21.3s] spd=4.55 des=8.0 thr=0.66 brk=0.00 out_steer=-0.02 raw_steer=-0.02 alpha=-0.035 look=8.7 cte=0.30 err=0.19 yaw(gt)=93.7 yaw(F)=93.9 gyaw=95.3 gyro=-2.0°/s yaw_a=0.080 fused=(-113.9,35.2) p=-0 r=0 obs=25.742128740394776(vehicle.yamaha.yzf) tl=green/999m wp=52/103 avd=- loc=(-114.0,35.3)
[09:37:07] [t=21.7s] spd=4.11 des=8.0 thr=0.72 brk=0.00 out_steer=-0.01 raw_steer=-0.01 alpha=-0.016 look=8.6 cte=0.14 err=0.27 yaw(gt)=92.7 yaw(F)=92.7 gyaw=91.0 gyro=0.4°/s yaw_a=0.080 fused=(-114.0,37.3) p=-0 r=0 obs=23.646553723811394(vehicle.yamaha.yzf) tl=green/999m wp=53/103 avd=- loc=(-114.1,37.5)
[09:37:08] [t=22.2s] spd=3.85 des=8.0 thr=0.75 brk=0.00 out_steer=0.01 raw_steer=0.01 alpha=+0.017 look=8.2 cte=-0.14 err=0.42 yaw(gt)=92.5 yaw(F)=92.5 gyaw=92.8 gyro=0.8°/s yaw_a=0.080 fused=(-113.8,39.6) p=-0 r=-0 obs=21.323368781955963(vehicle.yamaha.yzf) tl=green/999m wp=54/103 avd=- loc=(-114.2,39.5)
[09:37:08] 前方 20m 本车道内有障碍，换道绕行左（偏移 3.5m）
[09:37:08] [t=22.6s] spd=3.39 des=8.0 thr=0.80 brk=0.00 out_steer=0.18 raw_steer=0.18 alpha=+0.326 look=9.2 cte=-2.93 err=0.03 yaw(gt)=93.7 yaw(F)=93.7 gyaw=94.6 gyro=15.5°/s yaw_a=0.080 fused=(-114.3,41.3) p=-0 r=-0 obs=19.580432634478598(vehicle.yamaha.yzf) tl=green/999m wp=55/103 avd=L(5, 2) loc=(-114.3,41.3)
[09:37:09] [t=23.0s] spd=4.47 des=8.0 thr=0.67 brk=0.00 out_steer=0.09 raw_steer=0.09 alpha=+0.158 look=8.9 cte=-1.40 err=0.22 yaw(gt)=100.5 yaw(F)=100.7 gyaw=101.2 gyro=14.2°/s yaw_a=0.080 fused=(-114.8,43.4) p=0 r=-0 obs=17.12206238799979(vehicle.yamaha.yzf) tl=green/999m wp=56/103 avd=L(5, 2) loc=(-114.7,43.3)
[09:37:09] [t=23.5s] spd=5.05 des=8.0 thr=0.60 brk=0.00 out_steer=0.01 raw_steer=0.01 alpha=+0.025 look=8.5 cte=-0.21 err=0.32 yaw(gt)=103.9 yaw(F)=103.9 gyaw=104.8 gyro=3.9°/s yaw_a=0.080 fused=(-115.6,45.6) p=0 r=-0 obs=14.636363413885647(vehicle.yamaha.yzf) tl=green/999m wp=58/103 avd=L(5, 2) loc=(-115.3,45.6)
[09:37:10] [t=23.9s] spd=5.10 des=8.0 thr=0.60 brk=0.00 out_steer=-0.01 raw_steer=-0.01 alpha=-0.013 look=8.0 cte=0.10 err=0.27 yaw(gt)=103.3 yaw(F)=103.3 gyaw=102.7 gyro=-0.5°/s yaw_a=0.080 fused=(-116.1,48.0) p=0 r=0 obs=12.164311654752737(vehicle.yamaha.yzf) tl=green/999m wp=59/103 avd=L(5, 2) loc=(-115.9,48.1)
[09:37:10] [t=24.4s] spd=5.04 des=8.0 thr=0.61 brk=0.00 out_steer=-0.03 raw_steer=-0.03 alpha=-0.058 look=9.3 cte=0.53 err=0.06 yaw(gt)=102.0 yaw(F)=102.3 gyaw=102.3 gyro=-2.5°/s yaw_a=0.080 fused=(-116.5,50.6) p=0 r=0 obs=9.664597074291123(vehicle.yamaha.yzf) tl=green/999m wp=60/103 avd=L(5, 2) loc=(-116.4,50.6)
[09:37:11] [t=24.8s] spd=5.02 des=8.0 thr=0.61 brk=0.00 out_steer=-0.02 raw_steer=-0.02 alpha=-0.040 look=8.7 cte=0.34 err=0.21 yaw(gt)=100.1 yaw(F)=100.5 gyaw=100.0 gyro=-2.8°/s yaw_a=0.080 fused=(-116.7,53.2) p=0 r=0 obs=7.229321250548537(vehicle.yamaha.yzf) tl=green/999m wp=62/103 avd=L(5, 2) loc=(-116.9,53.1)
[09:37:11] [t=25.3s] spd=5.07 des=8.0 thr=0.60 brk=0.00 out_steer=-0.03 raw_steer=-0.03 alpha=-0.053 look=7.8 cte=0.42 err=0.34 yaw(gt)=98.1 yaw(F)=97.9 gyaw=98.1 gyro=-4.3°/s yaw_a=0.080 fused=(-117.3,56.0) p=0 r=0 obs=4.494709488041053(vehicle.yamaha.yzf) tl=green/999m wp=63/103 avd=L(5, 2) loc=(-117.3,55.6)
[09:37:11] [t=25.7s] spd=5.04 des=8.0 thr=0.61 brk=0.00 out_steer=-0.02 raw_steer=-0.02 alpha=-0.033 look=7.4 cte=0.24 err=0.23 yaw(gt)=95.7 yaw(F)=95.5 gyaw=95.0 gyro=-2.8°/s yaw_a=0.080 fused=(-117.5,58.4) p=0 r=-0 obs=2.2087623418510702(vehicle.yamaha.yzf) tl=green/999m wp=64/103 avd=L(5, 2) loc=(-117.5,58.2)
[09:37:12] [t=26.2s] spd=5.10 des=8.0 thr=0.60 brk=0.00 out_steer=-0.02 raw_steer=-0.02 alpha=-0.032 look=9.2 cte=0.30 err=0.13 yaw(gt)=93.8 yaw(F)=93.6 gyaw=94.4 gyro=-3.2°/s yaw_a=0.080 fused=(-117.7,60.6) p=0 r=-0 obs=0.11696392134990674(vehicle.yamaha.yzf) tl=green/999m wp=65/103 avd=L(5, 2) loc=(-117.7,60.7)
[09:37:12] 绕行完成，回正车道
[09:37:12] [t=26.6s] spd=5.08 des=8.0 thr=0.60 brk=0.00 out_steer=-0.17 raw_steer=-0.17 alpha=-0.296 look=8.9 cte=2.60 err=0.22 yaw(gt)=87.6 yaw(F)=87.4 gyaw=87.7 gyro=-24.2°/s yaw_a=0.080 fused=(-117.5,63.4) p=0 r=1 obs=32.651811119396115(vehicle.harley-davidson.low_rider) tl=green/999m wp=67/103 avd=- loc=(-117.7,63.3)
[09:37:13] [t=27.1s] spd=5.13 des=8.0 thr=0.59 brk=0.00 out_steer=-0.07 raw_steer=-0.07 alpha=-0.121 look=8.6 cte=1.03 err=0.24 yaw(gt)=79.7 yaw(F)=79.9 gyaw=79.1 gyro=-9.6°/s yaw_a=0.080 fused=(-117.1,65.6) p=0 r=0 obs=30.628206326202303(vehicle.harley-davidson.low_rider) tl=green/999m wp=68/103 avd=- loc=(-117.3,65.8)
[09:37:13] [t=27.5s] spd=4.99 des=8.0 thr=0.61 brk=0.00 out_steer=0.01 raw_steer=0.01 alpha=+0.020 look=9.9 cte=-0.19 err=0.12 yaw(gt)=77.2 yaw(F)=77.3 gyaw=78.0 gyro=-1.7°/s yaw_a=0.080 fused=(-116.6,68.3) p=0 r=0 obs=27.87815679665698(vehicle.harley-davidson.low_rider) tl=green/999m wp=69/103 avd=- loc=(-116.7,68.3)
[09:37:14] [t=28.0s] spd=4.66 des=8.0 thr=0.00 brk=0.20 out_steer=0.03 raw_steer=0.03 alpha=+0.051 look=9.5 cte=-0.48 err=0.19 yaw(gt)=77.6 yaw(F)=77.4 gyaw=77.0 gyro=0.7°/s yaw_a=0.080 fused=(-116.1,70.8) p=0 r=-0 obs=25.365971255440854(vehicle.harley-davidson.low_rider) tl=green/999m wp=70/103 avd=- loc=(-116.2,70.6)
[09:37:14] [t=28.4s] spd=4.25 des=8.0 thr=0.70 brk=0.00 out_steer=0.05 raw_steer=0.05 alpha=+0.080 look=9.6 cte=-0.77 err=0.33 yaw(gt)=79.2 yaw(F)=79.0 gyaw=78.7 gyro=6.5°/s yaw_a=0.080 fused=(-115.4,72.8) p=0 r=-0 obs=23.324007558420135(vehicle.harley-davidson.low_rider) tl=green/999m wp=71/103 avd=- loc=(-115.8,72.7)
[09:37:15] [t=28.9s] spd=3.70 des=8.0 thr=0.77 brk=0.00 out_steer=0.02 raw_steer=0.02 alpha=+0.039 look=9.7 cte=-0.38 err=0.11 yaw(gt)=80.8 yaw(F)=80.4 gyaw=80.7 gyro=1.5°/s yaw_a=0.080 fused=(-115.4,74.8) p=-0 r=-0 obs=21.34271632202376(vehicle.harley-davidson.low_rider) tl=green/999m wp=72/103 avd=- loc=(-115.5,74.7)
[09:37:15] 前方 20m 本车道内有障碍，换道绕行右（偏移 3.5m）
[09:37:15] [t=29.3s] spd=3.31 des=8.0 thr=0.81 brk=0.00 out_steer=-0.17 raw_steer=-0.17 alpha=-0.307 look=10.6 cte=3.21 err=0.09 yaw(gt)=81.1 yaw(F)=81.0 gyaw=80.7 gyro=-10.7°/s yaw_a=0.080 fused=(-115.2,76.6) p=-0 r=0 obs=19.563200263920294(vehicle.harley-davidson.low_rider) tl=green/999m wp=73/103 avd=R(5, 2) loc=(-115.2,76.5)
[09:37:15] [t=29.8s] spd=4.37 des=8.0 thr=0.69 brk=0.00 out_steer=-0.13 raw_steer=-0.13 alpha=-0.220 look=8.8 cte=1.92 err=0.18 yaw(gt)=73.6 yaw(F)=73.4 gyaw=73.4 gyro=-14.4°/s yaw_a=0.080 fused=(-114.8,78.4) p=0 r=0 obs=17.46252464981353(vehicle.harley-davidson.low_rider) tl=green/999m wp=74/103 avd=R(5, 2) loc=(-114.6,78.3)
[09:37:16] [t=30.2s] spd=5.01 des=8.0 thr=0.61 brk=0.00 out_steer=-0.05 raw_steer=-0.05 alpha=-0.093 look=8.5 cte=0.79 err=0.22 yaw(gt)=68.7 yaw(F)=68.7 gyaw=68.9 gyro=-7.5°/s yaw_a=0.080 fused=(-114.0,80.5) p=0 r=0 obs=14.975326512672837(vehicle.harley-davidson.low_rider) tl=green/999m wp=75/103 avd=R(5, 2) loc=(-113.8,80.5)
[09:37:16] [t=30.7s] spd=4.99 des=8.0 thr=0.61 brk=0.00 out_steer=0.02 raw_steer=0.02 alpha=+0.031 look=9.9 cte=-0.31 err=0.10 yaw(gt)=67.6 yaw(F)=67.8 gyaw=68.6 gyro=0.7°/s yaw_a=0.080 fused=(-112.9,82.8) p=0 r=-0 obs=12.33329358478477(vehicle.harley-davidson.low_rider) tl=green/999m wp=76/103 avd=R(5, 2) loc=(-112.8,82.9)
[09:37:17] [t=31.1s] spd=5.09 des=8.0 thr=0.60 brk=0.00 out_steer=0.03 raw_steer=0.03 alpha=+0.044 look=9.3 cte=-0.41 err=0.12 yaw(gt)=68.5 yaw(F)=68.8 gyaw=69.3 gyro=6.3°/s yaw_a=0.080 fused=(-112.0,85.3) p=0 r=-0 obs=9.769060934606387(vehicle.harley-davidson.low_rider) tl=green/999m wp=78/103 avd=R(5, 2) loc=(-111.8,85.2)
[09:37:17] [t=31.6s] spd=5.05 des=8.0 thr=0.60 brk=0.00 out_steer=0.04 raw_steer=0.04 alpha=+0.070 look=9.0 cte=-0.63 err=0.28 yaw(gt)=70.7 yaw(F)=70.8 gyaw=70.6 gyro=5.2°/s yaw_a=0.080 fused=(-110.8,87.4) p=0 r=-0 obs=7.5355223715114334(vehicle.harley-davidson.low_rider) tl=green/999m wp=79/103 avd=R(5, 2) loc=(-111.0,87.6)
[09:37:18] [t=32.0s] spd=5.11 des=8.0 thr=0.60 brk=0.00 out_steer=0.00 raw_steer=0.00 alpha=+0.007 look=8.5 cte=-0.06 err=0.22 yaw(gt)=72.8 yaw(F)=72.9 gyaw=72.9 gyro=1.1°/s yaw_a=0.080 fused=(-110.3,89.9) p=0 r=0 obs=5.147125607451471(vehicle.harley-davidson.low_rider) tl=green/999m wp=80/103 avd=R(5, 2) loc=(-110.2,90.1)
[09:37:18] [t=32.5s] spd=5.04 des=8.0 thr=0.61 brk=0.00 out_steer=-0.00 raw_steer=-0.00 alpha=-0.007 look=7.7 cte=0.06 err=0.21 yaw(gt)=72.9 yaw(F)=72.9 gyaw=73.5 gyro=-2.1°/s yaw_a=0.080 fused=(-109.6,92.7) p=0 r=0 obs=2.24937988869533(vehicle.harley-davidson.low_rider) tl=green/999m wp=81/103 avd=R(5, 2) loc=(-109.5,92.5)
[09:37:19] [t=32.9s] spd=5.09 des=8.0 thr=0.60 brk=0.00 out_steer=-0.02 raw_steer=-0.02 alpha=-0.028 look=7.2 cte=0.20 err=0.30 yaw(gt)=72.6 yaw(F)=72.4 gyaw=73.6 gyro=1.0°/s yaw_a=0.080 fused=(-108.9,95.2) p=0 r=0 obs=inf(none) tl=green/999m wp=82/103 avd=R(5, 2) loc=(-108.7,95.0)
[09:37:19] 绕行完成，回正车道
[09:37:19] [t=33.4s] spd=5.07 des=8.0 thr=0.60 brk=0.00 out_steer=0.12 raw_steer=0.12 alpha=+0.213 look=9.7 cte=-2.05 err=0.15 yaw(gt)=77.8 yaw(F)=78.1 gyaw=79.0 gyro=24.0°/s yaw_a=0.080 fused=(-108.2,97.5) p=0 r=-1 obs=inf(none) tl=green/999m wp=84/103 avd=- loc=(-108.1,97.4)
[09:37:19] [t=33.8s] spd=5.13 des=8.0 thr=0.59 brk=0.00 out_steer=0.02 raw_steer=0.02 alpha=+0.037 look=9.0 cte=-0.33 err=0.22 yaw(gt)=84.3 yaw(F)=84.5 gyaw=84.3 gyro=7.1°/s yaw_a=0.080 fused=(-107.9,100.2) p=0 r=-0 obs=inf(none) tl=green/999m wp=85/103 avd=- loc=(-107.8,100.0)
[09:37:20] [t=34.2s] spd=5.14 des=8.0 thr=0.59 brk=0.00 out_steer=-0.02 raw_steer=-0.02 alpha=-0.029 look=8.4 cte=0.25 err=0.21 yaw(gt)=84.6 yaw(F)=84.7 gyaw=83.3 gyro=0.3°/s yaw_a=0.080 fused=(-107.5,102.8) p=0 r=0 obs=inf(none) tl=green/999m wp=86/103 avd=- loc=(-107.5,102.6)
[09:37:20] [t=34.7s] spd=5.13 des=8.0 thr=0.59 brk=0.00 out_steer=-0.08 raw_steer=-0.08 alpha=-0.138 look=10.0 cte=1.38 err=0.08 yaw(gt)=81.8 yaw(F)=81.7 gyaw=81.1 gyro=-6.8°/s yaw_a=0.080 fused=(-107.2,105.2) p=0 r=0 obs=inf(none) tl=green/999m wp=87/103 avd=- loc=(-107.2,105.1)
[09:37:21] [t=35.1s] spd=5.13 des=8.0 thr=0.59 brk=0.00 out_steer=-0.07 raw_steer=-0.07 alpha=-0.126 look=9.5 cte=1.19 err=0.15 yaw(gt)=77.5 yaw(F)=77.3 gyaw=78.4 gyro=-8.1°/s yaw_a=0.080 fused=(-106.5,107.7) p=0 r=0 obs=inf(none) tl=green/999m wp=89/103 avd=- loc=(-106.7,107.6)
[09:37:21] [t=35.6s] spd=5.13 des=8.0 thr=0.59 brk=0.00 out_steer=-0.06 raw_steer=-0.06 alpha=-0.108 look=9.1 cte=0.98 err=0.24 yaw(gt)=73.1 yaw(F)=73.2 gyaw=73.3 gyro=-7.3°/s yaw_a=0.080 fused=(-105.7,110.1) p=0 r=0 obs=inf(none) tl=green/999m wp=90/103 avd=- loc=(-105.9,110.1)
[09:37:22] [t=36.0s] spd=5.13 des=8.0 thr=0.59 brk=0.00 out_steer=-0.06 raw_steer=-0.06 alpha=-0.095 look=8.7 cte=0.83 err=0.34 yaw(gt)=69.7 yaw(F)=69.6 gyaw=70.9 gyro=-7.3°/s yaw_a=0.080 fused=(-104.7,112.4) p=0 r=0 obs=inf(none) tl=green/999m wp=91/103 avd=- loc=(-105.1,112.6)
[09:37:22] [t=36.4s] spd=5.13 des=8.0 thr=0.59 brk=0.00 out_steer=-0.07 raw_steer=-0.07 alpha=-0.122 look=8.5 cte=1.04 err=0.09 yaw(gt)=65.0 yaw(F)=65.1 gyaw=65.0 gyro=-10.0°/s yaw_a=0.080 fused=(-104.1,114.9) p=0 r=0 obs=inf(none) tl=green/999m wp=92/103 avd=- loc=(-104.0,114.9)
[09:37:23] [t=36.9s] spd=5.13 des=8.0 thr=0.59 brk=0.00 out_steer=-0.06 raw_steer=-0.06 alpha=-0.108 look=8.0 cte=0.86 err=0.14 yaw(gt)=60.8 yaw(F)=60.8 gyaw=60.5 gyro=-8.9°/s yaw_a=0.080 fused=(-102.8,117.3) p=0 r=0 obs=inf(none) tl=green/999m wp=93/103 avd=- loc=(-102.8,117.2)
[09:37:23] [t=37.3s] spd=5.13 des=8.0 thr=0.59 brk=0.00 out_steer=-0.06 raw_steer=-0.06 alpha=-0.107 look=9.9 cte=1.05 err=0.17 yaw(gt)=57.0 yaw(F)=57.1 gyaw=56.9 gyro=-5.9°/s yaw_a=0.080 fused=(-101.3,119.5) p=0 r=0 obs=inf(none) tl=green/999m wp=95/103 avd=- loc=(-101.4,119.3)
[09:37:23] [t=37.8s] spd=5.13 des=8.0 thr=0.59 brk=0.00 out_steer=-0.05 raw_steer=-0.05 alpha=-0.084 look=9.8 cte=0.82 err=0.21 yaw(gt)=54.0 yaw(F)=54.0 gyaw=53.9 gyro=-9.8°/s yaw_a=0.080 fused=(-99.8,121.3) p=0 r=0 obs=inf(none) tl=green/999m wp=96/103 avd=- loc=(-99.9,121.4)
[09:37:24] [t=38.3s] spd=5.13 des=8.0 thr=0.59 brk=0.00 out_steer=-0.06 raw_steer=-0.06 alpha=-0.100 look=9.4 cte=0.94 err=0.10 yaw(gt)=50.4 yaw(F)=50.7 gyaw=51.9 gyro=-5.1°/s yaw_a=0.080 fused=(-98.3,123.4) p=0 r=0 obs=inf(none) tl=green/999m wp=97/103 avd=- loc=(-98.3,123.5)
[09:37:24] [t=38.7s] spd=5.13 des=8.0 thr=0.59 brk=0.00 out_steer=-0.04 raw_steer=-0.04 alpha=-0.076 look=9.1 cte=0.69 err=0.11 yaw(gt)=47.4 yaw(F)=47.2 gyaw=46.5 gyro=-6.1°/s yaw_a=0.080 fused=(-96.6,125.3) p=0 r=0 obs=inf(none) tl=green/999m wp=98/103 avd=- loc=(-96.5,125.4)
[09:37:25] [t=39.2s] spd=5.13 des=8.0 thr=0.59 brk=0.00 out_steer=-0.03 raw_steer=-0.03 alpha=-0.058 look=6.4 cte=0.38 err=0.10 yaw(gt)=45.2 yaw(F)=45.5 gyaw=45.5 gyro=-0.9°/s yaw_a=0.080 fused=(-94.7,127.1) p=0 r=0 obs=inf(none) tl=green/999m wp=99/103 avd=- loc=(-94.7,127.2)
[09:37:25] [t=39.6s] spd=5.13 des=8.0 thr=0.59 brk=0.00 out_steer=-0.03 raw_steer=-0.03 alpha=-0.055 look=3.9 cte=0.21 err=0.06 yaw(gt)=42.5 yaw(F)=42.9 gyaw=42.2 gyro=-2.1°/s yaw_a=0.080 fused=(-92.9,129.0) p=0 r=0 obs=inf(none) tl=green/999m wp=100/103 avd=- loc=(-92.8,129.0)
[09:37:26] 到达终点
[09:37:26] 实验10结束 · 到达=True · 用时=40s · 里程=210m · 平均定位误差=0.18m · 平均|CTE|=0.82m · 碰撞事故=0次 · 感知闭环=关
